2022-09-27 10:14:48 GC log file created ./gc-2022-09-27_10-14-36.log.1
Java HotSpot(TM) 64-Bit Server VM (25.301-b09) for bsd-amd64 JRE (1.8.0_301-b09), built on Jun  9 2021 14:35:36 by "java_re" with gcc 4.2.1 Compatible Apple LLVM 11.0.0 (clang-1100.0.33.17)
Memory: 4k page, physical 16777216k(485500k free)

/proc/meminfo:

CommandLine flags: -XX:CICompilerCount=4 -XX:GCLogFileSize=8192 -XX:InitialHeapSize=104857600 -XX:MaxHeapSize=104857600 -XX:MaxNewSize=34603008 -XX:MinHeapDeltaBytes=524288 -XX:NewSize=34603008 -XX:NumberOfGCLogFiles=10 -XX:OldSize=70254592 -XX:+PrintGC -XX:+PrintGCCause -XX:+PrintGCDateStamps -XX:+PrintGCDetails -XX:+PrintGCTimeStamps -XX:+UseCompressedClassPointers -XX:+UseCompressedOops -XX:+UseFastUnorderedTimeStamps -XX:+UseGCLogFileRotation -XX:+UseParallelGC 
2022-09-27T10:14:48.391-0800: 12.036: [Full GC (Ergonomics) [PSYoungGen: 25600K->25600K(29696K)] [ParOldGen: 66557K->66557K(68608K)] 92157K->92157K(98304K), [Metaspace: 3398K->3398K(1056768K)], 0.4514205 secs] [Times: user=3.24 sys=0.02, real=0.45 secs] 
2022-09-27T10:14:48.843-0800: 12.489: [Full GC (Ergonomics) [PSYoungGen: 25600K->25599K(29696K)] [ParOldGen: 66566K->66559K(68608K)] 92166K->92159K(98304K), [Metaspace: 3410K->3410K(1056768K)], 0.4420934 secs] [Times: user=3.15 sys=0.01, real=0.44 secs] 
2022-09-27T10:14:49.286-0800: 12.931: [Full GC (Ergonomics) [PSYoungGen: 25599K->25599K(29696K)] [ParOldGen: 66561K->66561K(68608K)] 92161K->92161K(98304K), [Metaspace: 3410K->3410K(1056768K)], 0.4389700 secs] [Times: user=3.10 sys=0.02, real=0.44 secs] 
2022-09-27T10:14:49.725-0800: 13.371: [Full GC (Ergonomics) [PSYoungGen: 25599K->25599K(29696K)] [ParOldGen: 66562K->66562K(68608K)] 92162K->92162K(98304K), [Metaspace: 3410K->3410K(1056768K)], 0.3957469 secs] [Times: user=2.71 sys=0.01, real=0.40 secs] 
2022-09-27T10:14:50.122-0800: 13.768: [Full GC (Ergonomics) [PSYoungGen: 25599K->25599K(29696K)] [ParOldGen: 66564K->66564K(68608K)] 92164K->92164K(98304K), [Metaspace: 3410K->3410K(1056768K)], 0.3410442 secs] [Times: user=1.95 sys=0.03, real=0.34 secs] 
2022-09-27T10:14:50.464-0800: 14.110: [Full GC (Ergonomics) [PSYoungGen: 25599K->25599K(29696K)] [ParOldGen: 66566K->66566K(68608K)] 92166K->92166K(98304K), [Metaspace: 3410K->3410K(1056768K)], 0.4108918 secs] [Times: user=2.81 sys=0.02, real=0.41 secs] 
2022-09-27T10:14:50.876-0800: 14.521: [Full GC (Ergonomics) [PSYoungGen: 25599K->25599K(29696K)] [ParOldGen: 66568K->66568K(68608K)] 92168K->92168K(98304K), [Metaspace: 3410K->3410K(1056768K)], 0.3819542 secs] [Times: user=2.22 sys=0.02, real=0.38 secs] 
2022-09-27T10:14:51.258-0800: 14.904: [Full GC (Ergonomics) [PSYoungGen: 25599K->25599K(29696K)] [ParOldGen: 66570K->66570K(68608K)] 92170K->92170K(98304K), [Metaspace: 3411K->3411K(1056768K)], 0.4128263 secs] [Times: user=2.77 sys=0.03, real=0.42 secs] 
2022-09-27T10:14:51.672-0800: 15.318: [Full GC (Ergonomics) [PSYoungGen: 25599K->25599K(29696K)] [ParOldGen: 66571K->66571K(68608K)] 92171K->92171K(98304K), [Metaspace: 3411K->3411K(1056768K)], 0.3851750 secs] [Times: user=2.49 sys=0.03, real=0.38 secs] 
2022-09-27T10:14:52.058-0800: 15.704: [Full GC (Ergonomics) [PSYoungGen: 25599K->25599K(29696K)] [ParOldGen: 66573K->66573K(68608K)] 92173K->92173K(98304K), [Metaspace: 3411K->3411K(1056768K)], 0.3876967 secs] [Times: user=2.54 sys=0.02, real=0.39 secs] 
2022-09-27T10:14:52.446-0800: 16.092: [Full GC (Ergonomics) [PSYoungGen: 25599K->25599K(29696K)] [ParOldGen: 66575K->66575K(68608K)] 92175K->92175K(98304K), [Metaspace: 3411K->3411K(1056768K)], 0.4242520 secs] [Times: user=2.87 sys=0.02, real=0.43 secs] 
2022-09-27T10:14:52.871-0800: 16.517: [Full GC (Ergonomics) [PSYoungGen: 25599K->25599K(29696K)] [ParOldGen: 66576K->66576K(68608K)] 92176K->92176K(98304K), [Metaspace: 3411K->3411K(1056768K)], 0.3842745 secs] [Times: user=2.15 sys=0.04, real=0.38 secs] 
2022-09-27T10:14:53.256-0800: 16.902: [Full GC (Ergonomics) [PSYoungGen: 25599K->25599K(29696K)] [ParOldGen: 66578K->66578K(68608K)] 92178K->92178K(98304K), [Metaspace: 3411K->3411K(1056768K)], 0.3951053 secs] [Times: user=2.49 sys=0.03, real=0.40 secs] 
2022-09-27T10:14:53.652-0800: 17.297: [Full GC (Ergonomics) [PSYoungGen: 25600K->25600K(29696K)] [ParOldGen: 66587K->66580K(68608K)] 92187K->92180K(98304K), [Metaspace: 3423K->3423K(1056768K)], 0.3858197 secs] [Times: user=2.35 sys=0.02, real=0.38 secs] 
2022-09-27T10:14:54.038-0800: 17.684: [Full GC (Ergonomics) [PSYoungGen: 25600K->25599K(29696K)] [ParOldGen: 66596K->66582K(68608K)] 92196K->92182K(98304K), [Metaspace: 3440K->3440K(1056768K)], 0.3760379 secs] [Times: user=2.24 sys=0.04, real=0.38 secs] 
2022-09-27T10:14:54.414-0800: 18.060: [Full GC (Ergonomics) [PSYoungGen: 25599K->25599K(29696K)] [ParOldGen: 66584K->66584K(68608K)] 92184K->92184K(98304K), [Metaspace: 3440K->3440K(1056768K)], 0.4006532 secs] [Times: user=2.58 sys=0.03, real=0.40 secs] 
2022-09-27T10:14:54.816-0800: 18.461: [Full GC (Ergonomics) [PSYoungGen: 25599K->25599K(29696K)] [ParOldGen: 66586K->66586K(68608K)] 92186K->92186K(98304K), [Metaspace: 3440K->3440K(1056768K)], 0.4018254 secs] [Times: user=2.60 sys=0.03, real=0.40 secs] 
2022-09-27T10:14:55.218-0800: 18.864: [Full GC (Ergonomics) [PSYoungGen: 25599K->25599K(29696K)] [ParOldGen: 66588K->66588K(68608K)] 92188K->92188K(98304K), [Metaspace: 3440K->3440K(1056768K)], 0.3560142 secs] [Times: user=2.17 sys=0.04, real=0.36 secs] 
2022-09-27T10:14:55.575-0800: 19.220: [Full GC (Ergonomics) [PSYoungGen: 25599K->25599K(29696K)] [ParOldGen: 66589K->66589K(68608K)] 92189K->92189K(98304K), [Metaspace: 3440K->3440K(1056768K)], 0.3922010 secs] [Times: user=2.53 sys=0.03, real=0.39 secs] 
2022-09-27T10:14:55.967-0800: 19.613: [Full GC (Ergonomics) [PSYoungGen: 25600K->25599K(29696K)] [ParOldGen: 66593K->66591K(68608K)] 92193K->92191K(98304K), [Metaspace: 3443K->3443K(1056768K)], 0.4216728 secs] [Times: user=2.87 sys=0.02, real=0.42 secs] 
2022-09-27T10:14:56.391-0800: 20.036: [Full GC (Ergonomics) [PSYoungGen: 25599K->25599K(29696K)] [ParOldGen: 66593K->66593K(68608K)] 92193K->92193K(98304K), [Metaspace: 3443K->3443K(1056768K)], 0.3833649 secs] [Times: user=2.51 sys=0.02, real=0.38 secs] 
2022-09-27T10:14:56.775-0800: 20.420: [Full GC (Ergonomics) [PSYoungGen: 25599K->25599K(29696K)] [ParOldGen: 66595K->66595K(68608K)] 92195K->92195K(98304K), [Metaspace: 3443K->3443K(1056768K)], 0.4008160 secs] [Times: user=2.57 sys=0.04, real=0.40 secs] 
2022-09-27T10:14:57.176-0800: 20.822: [Full GC (Ergonomics) [PSYoungGen: 25599K->25599K(29696K)] [ParOldGen: 66596K->66596K(68608K)] 92196K->92196K(98304K), [Metaspace: 3443K->3443K(1056768K)], 0.4246381 secs] [Times: user=2.87 sys=0.02, real=0.43 secs] 
2022-09-27T10:14:57.601-0800: 21.247: [Full GC (Ergonomics) [PSYoungGen: 25599K->25599K(29696K)] [ParOldGen: 66598K->66598K(68608K)] 92198K->92198K(98304K), [Metaspace: 3443K->3443K(1056768K)], 0.4377853 secs] [Times: user=3.08 sys=0.02, real=0.43 secs] 
2022-09-27T10:14:58.040-0800: 21.685: [Full GC (Ergonomics) [PSYoungGen: 25599K->25599K(29696K)] [ParOldGen: 66600K->66600K(68608K)] 92200K->92200K(98304K), [Metaspace: 3443K->3443K(1056768K)], 0.4178565 secs] [Times: user=2.84 sys=0.02, real=0.41 secs] 
2022-09-27T10:14:58.458-0800: 22.104: [Full GC (Ergonomics) [PSYoungGen: 25599K->25599K(29696K)] [ParOldGen: 66602K->66602K(68608K)] 92202K->92202K(98304K), [Metaspace: 3443K->3443K(1056768K)], 0.4293761 secs] [Times: user=3.02 sys=0.02, real=0.43 secs] 
2022-09-27T10:14:58.889-0800: 22.534: [Full GC (Ergonomics) [PSYoungGen: 25600K->25600K(29696K)] [ParOldGen: 66609K->66603K(68608K)] 92209K->92203K(98304K), [Metaspace: 3453K->3453K(1056768K)], 0.4200107 secs] [Times: user=2.94 sys=0.02, real=0.42 secs] 
2022-09-27T10:14:59.310-0800: 22.955: [Full GC (Ergonomics) [PSYoungGen: 25600K->25600K(29696K)] [ParOldGen: 66606K->66605K(68608K)] 92206K->92205K(98304K), [Metaspace: 3453K->3453K(1056768K)], 0.4325704 secs] [Times: user=3.04 sys=0.01, real=0.43 secs] 
2022-09-27T10:14:59.743-0800: 23.388: [Full GC (Ergonomics) [PSYoungGen: 25600K->25600K(29696K)] [ParOldGen: 66607K->66607K(68608K)] 92207K->92207K(98304K), [Metaspace: 3453K->3453K(1056768K)], 0.4429807 secs] [Times: user=3.10 sys=0.02, real=0.44 secs] 
2022-09-27 10:15:00 GC log file has reached the maximum size. Saved as ./gc-2022-09-27_10-14-36.log.1
