2022-09-27 10:15:23 GC log file created ./gc-2022-09-27_10-14-36.log.4
Java HotSpot(TM) 64-Bit Server VM (25.301-b09) for bsd-amd64 JRE (1.8.0_301-b09), built on Jun  9 2021 14:35:36 by "java_re" with gcc 4.2.1 Compatible Apple LLVM 11.0.0 (clang-1100.0.33.17)
Memory: 4k page, physical 16777216k(452468k free)

/proc/meminfo:

CommandLine flags: -XX:CICompilerCount=4 -XX:GCLogFileSize=8192 -XX:InitialHeapSize=104857600 -XX:MaxHeapSize=104857600 -XX:MaxNewSize=34603008 -XX:MinHeapDeltaBytes=524288 -XX:NewSize=34603008 -XX:NumberOfGCLogFiles=10 -XX:OldSize=70254592 -XX:+PrintGC -XX:+PrintGCCause -XX:+PrintGCDateStamps -XX:+PrintGCDetails -XX:+PrintGCTimeStamps -XX:+UseCompressedClassPointers -XX:+UseCompressedOops -XX:+UseFastUnorderedTimeStamps -XX:+UseGCLogFileRotation -XX:+UseParallelGC 
2022-09-27T10:15:23.743-0800: 47.389: [Full GC (Ergonomics) [PSYoungGen: 25600K->25600K(29696K)] [ParOldGen: 66728K->66728K(68608K)] 92328K->92328K(98304K), [Metaspace: 3460K->3460K(1056768K)], 0.4435723 secs] [Times: user=3.13 sys=0.02, real=0.44 secs] 
2022-09-27T10:15:24.187-0800: 47.833: [Full GC (Ergonomics) [PSYoungGen: 25600K->25600K(29696K)] [ParOldGen: 66730K->66730K(68608K)] 92330K->92330K(98304K), [Metaspace: 3460K->3460K(1056768K)], 0.4173888 secs] [Times: user=2.89 sys=0.02, real=0.42 secs] 
2022-09-27T10:15:24.605-0800: 48.251: [Full GC (Ergonomics) [PSYoungGen: 25600K->25600K(29696K)] [ParOldGen: 66732K->66732K(68608K)] 92332K->92332K(98304K), [Metaspace: 3460K->3460K(1056768K)], 0.4127158 secs] [Times: user=2.78 sys=0.02, real=0.41 secs] 
2022-09-27T10:15:25.019-0800: 48.665: [Full GC (Ergonomics) [PSYoungGen: 25600K->25600K(29696K)] [ParOldGen: 66734K->66734K(68608K)] 92334K->92334K(98304K), [Metaspace: 3460K->3460K(1056768K)], 0.4185028 secs] [Times: user=2.89 sys=0.02, real=0.42 secs] 
2022-09-27T10:15:25.438-0800: 49.084: [Full GC (Ergonomics) [PSYoungGen: 25600K->25600K(29696K)] [ParOldGen: 66735K->66735K(68608K)] 92335K->92335K(98304K), [Metaspace: 3460K->3460K(1056768K)], 0.4318118 secs] [Times: user=3.04 sys=0.01, real=0.44 secs] 
2022-09-27T10:15:25.871-0800: 49.516: [Full GC (Ergonomics) [PSYoungGen: 25600K->25600K(29696K)] [ParOldGen: 66737K->66737K(68608K)] 92337K->92337K(98304K), [Metaspace: 3460K->3460K(1056768K)], 0.4204789 secs] [Times: user=2.92 sys=0.01, real=0.42 secs] 
2022-09-27T10:15:26.292-0800: 49.938: [Full GC (Ergonomics) [PSYoungGen: 25600K->25600K(29696K)] [ParOldGen: 66739K->66739K(68608K)] 92339K->92339K(98304K), [Metaspace: 3460K->3460K(1056768K)], 0.4283785 secs] [Times: user=3.01 sys=0.02, real=0.43 secs] 
2022-09-27T10:15:26.721-0800: 50.367: [Full GC (Ergonomics) [PSYoungGen: 25600K->25600K(29696K)] [ParOldGen: 66741K->66741K(68608K)] 92341K->92341K(98304K), [Metaspace: 3460K->3460K(1056768K)], 0.4486748 secs] [Times: user=3.18 sys=0.02, real=0.45 secs] 
2022-09-27T10:15:27.171-0800: 50.817: [Full GC (Ergonomics) [PSYoungGen: 25600K->25600K(29696K)] [ParOldGen: 66743K->66743K(68608K)] 92343K->92343K(98304K), [Metaspace: 3460K->3460K(1056768K)], 0.4167037 secs] [Times: user=2.87 sys=0.02, real=0.41 secs] 
2022-09-27T10:15:27.589-0800: 51.235: [Full GC (Ergonomics) [PSYoungGen: 25600K->25600K(29696K)] [ParOldGen: 66745K->66745K(68608K)] 92345K->92345K(98304K), [Metaspace: 3460K->3460K(1056768K)], 0.4438456 secs] [Times: user=3.12 sys=0.02, real=0.45 secs] 
2022-09-27T10:15:28.033-0800: 51.679: [Full GC (Ergonomics) [PSYoungGen: 25600K->25600K(29696K)] [ParOldGen: 66747K->66747K(68608K)] 92347K->92347K(98304K), [Metaspace: 3460K->3460K(1056768K)], 0.4309433 secs] [Times: user=2.97 sys=0.02, real=0.43 secs] 
2022-09-27T10:15:28.465-0800: 52.111: [Full GC (Ergonomics) [PSYoungGen: 25600K->25600K(29696K)] [ParOldGen: 66748K->66748K(68608K)] 92348K->92348K(98304K), [Metaspace: 3460K->3460K(1056768K)], 0.4385623 secs] [Times: user=3.11 sys=0.02, real=0.44 secs] 
2022-09-27T10:15:28.905-0800: 52.551: [Full GC (Ergonomics) [PSYoungGen: 25600K->25600K(29696K)] [ParOldGen: 66750K->66750K(68608K)] 92350K->92350K(98304K), [Metaspace: 3460K->3460K(1056768K)], 0.4282022 secs] [Times: user=3.00 sys=0.01, real=0.43 secs] 
2022-09-27T10:15:29.334-0800: 52.980: [Full GC (Ergonomics) [PSYoungGen: 25600K->25600K(29696K)] [ParOldGen: 66752K->66752K(68608K)] 92352K->92352K(98304K), [Metaspace: 3460K->3460K(1056768K)], 0.4409364 secs] [Times: user=3.10 sys=0.02, real=0.44 secs] 
2022-09-27T10:15:29.775-0800: 53.421: [Full GC (Ergonomics) [PSYoungGen: 25600K->25600K(29696K)] [ParOldGen: 66754K->66754K(68608K)] 92354K->92354K(98304K), [Metaspace: 3460K->3460K(1056768K)], 0.4310819 secs] [Times: user=3.01 sys=0.02, real=0.43 secs] 
2022-09-27T10:15:30.208-0800: 53.854: [Full GC (Ergonomics) [PSYoungGen: 25600K->25600K(29696K)] [ParOldGen: 66756K->66756K(68608K)] 92356K->92356K(98304K), [Metaspace: 3460K->3460K(1056768K)], 0.4222538 secs] [Times: user=2.93 sys=0.02, real=0.43 secs] 
2022-09-27T10:15:30.631-0800: 54.277: [Full GC (Ergonomics) [PSYoungGen: 25600K->25600K(29696K)] [ParOldGen: 66759K->66759K(68608K)] 92359K->92359K(98304K), [Metaspace: 3461K->3461K(1056768K)], 0.4194242 secs] [Times: user=2.91 sys=0.02, real=0.42 secs] 
2022-09-27T10:15:31.051-0800: 54.697: [Full GC (Ergonomics) [PSYoungGen: 25600K->25600K(29696K)] [ParOldGen: 66762K->66762K(68608K)] 92362K->92362K(98304K), [Metaspace: 3461K->3461K(1056768K)], 0.4020352 secs] [Times: user=2.71 sys=0.02, real=0.40 secs] 
2022-09-27T10:15:31.454-0800: 55.100: [Full GC (Ergonomics) [PSYoungGen: 25600K->25600K(29696K)] [ParOldGen: 66768K->66768K(68608K)] 92368K->92368K(98304K), [Metaspace: 3461K->3461K(1056768K)], 0.4301353 secs] [Times: user=3.02 sys=0.02, real=0.43 secs] 
2022-09-27T10:15:31.885-0800: 55.531: [Full GC (Ergonomics) [PSYoungGen: 25600K->25600K(29696K)] [ParOldGen: 66770K->66770K(68608K)] 92370K->92370K(98304K), [Metaspace: 3461K->3461K(1056768K)], 0.4152670 secs] [Times: user=2.80 sys=0.02, real=0.42 secs] 
2022-09-27T10:15:32.301-0800: 55.947: [Full GC (Ergonomics) [PSYoungGen: 25600K->25600K(29696K)] [ParOldGen: 66772K->66772K(68608K)] 92372K->92372K(98304K), [Metaspace: 3461K->3461K(1056768K)], 0.4370837 secs] [Times: user=3.03 sys=0.02, real=0.43 secs] 
2022-09-27T10:15:32.739-0800: 56.385: [Full GC (Ergonomics) [PSYoungGen: 25600K->25600K(29696K)] [ParOldGen: 66773K->66773K(68608K)] 92373K->92373K(98304K), [Metaspace: 3461K->3461K(1056768K)], 0.4312181 secs] [Times: user=3.01 sys=0.02, real=0.44 secs] 
2022-09-27T10:15:33.171-0800: 56.817: [Full GC (Ergonomics) [PSYoungGen: 25600K->25600K(29696K)] [ParOldGen: 66775K->66775K(68608K)] 92375K->92375K(98304K), [Metaspace: 3461K->3461K(1056768K)], 0.4217242 secs] [Times: user=2.87 sys=0.02, real=0.42 secs] 
2022-09-27T10:15:33.593-0800: 57.239: [Full GC (Ergonomics) [PSYoungGen: 25600K->25600K(29696K)] [ParOldGen: 66777K->66777K(68608K)] 92377K->92377K(98304K), [Metaspace: 3461K->3461K(1056768K)], 0.4285571 secs] [Times: user=2.96 sys=0.03, real=0.43 secs] 
2022-09-27T10:15:34.022-0800: 57.668: [Full GC (Ergonomics) [PSYoungGen: 25600K->25600K(29696K)] [ParOldGen: 66797K->66797K(68608K)] 92397K->92397K(98304K), [Metaspace: 3461K->3461K(1056768K)], 0.3894015 secs] [Times: user=2.52 sys=0.02, real=0.39 secs] 
2022-09-27T10:15:34.413-0800: 58.058: [Full GC (Ergonomics) [PSYoungGen: 25600K->25600K(29696K)] [ParOldGen: 66803K->66803K(68608K)] 92403K->92403K(98304K), [Metaspace: 3461K->3461K(1056768K)], 0.3991005 secs] [Times: user=2.60 sys=0.04, real=0.40 secs] 
2022-09-27T10:15:34.812-0800: 58.458: [Full GC (Ergonomics) [PSYoungGen: 25600K->25600K(29696K)] [ParOldGen: 66805K->66805K(68608K)] 92405K->92405K(98304K), [Metaspace: 3461K->3461K(1056768K)], 0.4069813 secs] [Times: user=2.71 sys=0.03, real=0.40 secs] 
2022-09-27T10:15:35.223-0800: 58.869: [Full GC (Ergonomics) [PSYoungGen: 25600K->25600K(29696K)] [ParOldGen: 66815K->66815K(68608K)] 92415K->92415K(98304K), [Metaspace: 3461K->3461K(1056768K)], 0.3786587 secs] [Times: user=2.34 sys=0.03, real=0.38 secs] 
2022-09-27T10:15:35.603-0800: 59.249: [Full GC (Ergonomics) [PSYoungGen: 25600K->25600K(29696K)] [ParOldGen: 66816K->66816K(68608K)] 92416K->92416K(98304K), [Metaspace: 3461K->3461K(1056768K)], 0.4094259 secs] [Times: user=2.76 sys=0.02, real=0.41 secs] 
2022-09-27 10:15:36 GC log file has reached the maximum size. Saved as ./gc-2022-09-27_10-14-36.log.4
