Java HotSpot(TM) 64-Bit Server VM (25.301-b09) for bsd-amd64 JRE (1.8.0_301-b09), built on Jun  9 2021 14:35:36 by "java_re" with gcc 4.2.1 Compatible Apple LLVM 11.0.0 (clang-1100.0.33.17)
Memory: 4k page, physical 16777216k(545392k free)

/proc/meminfo:

CommandLine flags: -XX:GCLogFileSize=8192 -XX:InitialHeapSize=104857600 -XX:MaxHeapSize=104857600 -XX:NumberOfGCLogFiles=10 -XX:+PrintGC -XX:+PrintGCCause -XX:+PrintGCDateStamps -XX:+PrintGCDetails -XX:+PrintGCTimeStamps -XX:+UseCompressedClassPointers -XX:+UseCompressedOops -XX:+UseGCLogFileRotation -XX:+UseParallelGC 
2022-09-27T10:14:36.508-0800: 0.154: [GC (Allocation Failure) [PSYoungGen: 25600K->4089K(29696K)] 25600K->10737K(98304K), 0.0083725 secs] [Times: user=0.04 sys=0.01, real=0.01 secs] 
2022-09-27T10:14:36.527-0800: 0.172: [GC (Allocation Failure) [PSYoungGen: 28179K->4094K(29696K)] 34827K->32126K(98304K), 0.0181912 secs] [Times: user=0.10 sys=0.01, real=0.02 secs] 
2022-09-27T10:14:36.553-0800: 0.199: [GC (Allocation Failure) [PSYoungGen: 29694K->4064K(29696K)] 57726K->52532K(98304K), 0.0181166 secs] [Times: user=0.09 sys=0.02, real=0.02 secs] 
2022-09-27T10:14:36.571-0800: 0.217: [Full GC (Ergonomics) [PSYoungGen: 4064K->0K(29696K)] [ParOldGen: 48468K->52312K(68608K)] 52532K->52312K(98304K), [Metaspace: 3317K->3317K(1056768K)], 0.3661925 secs] [Times: user=1.79 sys=0.05, real=0.36 secs] 
2022-09-27T10:14:36.947-0800: 0.592: [Full GC (Ergonomics) [PSYoungGen: 20216K->3371K(29696K)] [ParOldGen: 52312K->68183K(68608K)] 72529K->71555K(98304K), [Metaspace: 3317K->3317K(1056768K)], 0.3468174 secs] [Times: user=2.19 sys=0.03, real=0.35 secs] 
2022-09-27T10:14:37.302-0800: 0.947: [Full GC (Ergonomics) [PSYoungGen: 25600K->22527K(29696K)] [ParOldGen: 68183K->66507K(68608K)] 93783K->89035K(98304K), [Metaspace: 3317K->3317K(1056768K)], 0.3787620 secs] [Times: user=2.13 sys=0.02, real=0.38 secs] 
2022-09-27T10:14:37.682-0800: 1.328: [Full GC (Ergonomics) [PSYoungGen: 25600K->25088K(29696K)] [ParOldGen: 66507K->66507K(68608K)] 92107K->91595K(98304K), [Metaspace: 3317K->3317K(1056768K)], 0.3946742 secs] [Times: user=2.45 sys=0.02, real=0.39 secs] 
2022-09-27T10:14:38.078-0800: 1.723: [Full GC (Ergonomics) [PSYoungGen: 25600K->25418K(29696K)] [ParOldGen: 66507K->66507K(68608K)] 92107K->91925K(98304K), [Metaspace: 3322K->3322K(1056768K)], 0.3600907 secs] [Times: user=2.12 sys=0.02, real=0.36 secs] 
2022-09-27T10:14:38.438-0800: 2.084: [Full GC (Ergonomics) [PSYoungGen: 25600K->25599K(29696K)] [ParOldGen: 66507K->66507K(68608K)] 92107K->92107K(98304K), [Metaspace: 3322K->3322K(1056768K)], 0.3690498 secs] [Times: user=2.17 sys=0.01, real=0.37 secs] 
2022-09-27T10:14:38.808-0800: 2.453: [Full GC (Ergonomics) [PSYoungGen: 25599K->25599K(29696K)] [ParOldGen: 66507K->66507K(68608K)] 92107K->92107K(98304K), [Metaspace: 3322K->3322K(1056768K)], 0.3817225 secs] [Times: user=2.27 sys=0.02, real=0.39 secs] 
2022-09-27T10:14:39.190-0800: 2.836: [Full GC (Ergonomics) [PSYoungGen: 25599K->25599K(29696K)] [ParOldGen: 66509K->66509K(68608K)] 92109K->92109K(98304K), [Metaspace: 3322K->3322K(1056768K)], 0.4300664 secs] [Times: user=2.78 sys=0.01, real=0.43 secs] 
2022-09-27T10:14:39.621-0800: 3.267: [Full GC (Ergonomics) [PSYoungGen: 25599K->25599K(29696K)] [ParOldGen: 66511K->66511K(68608K)] 92111K->92111K(98304K), [Metaspace: 3322K->3322K(1056768K)], 0.4326145 secs] [Times: user=3.09 sys=0.01, real=0.43 secs] 
2022-09-27T10:14:40.054-0800: 3.700: [Full GC (Ergonomics) [PSYoungGen: 25599K->25599K(29696K)] [ParOldGen: 66513K->66513K(68608K)] 92113K->92113K(98304K), [Metaspace: 3322K->3322K(1056768K)], 0.4311874 secs] [Times: user=3.01 sys=0.02, real=0.43 secs] 
2022-09-27T10:14:40.486-0800: 4.132: [Full GC (Ergonomics) [PSYoungGen: 25600K->25599K(29696K)] [ParOldGen: 66518K->66515K(68608K)] 92118K->92115K(98304K), [Metaspace: 3328K->3328K(1056768K)], 0.4376153 secs] [Times: user=3.15 sys=0.01, real=0.44 secs] 
2022-09-27T10:14:40.925-0800: 4.570: [Full GC (Ergonomics) [PSYoungGen: 25600K->25599K(29696K)] [ParOldGen: 66522K->66521K(68608K)] 92122K->92121K(98304K), [Metaspace: 3332K->3332K(1056768K)], 0.4339637 secs] [Times: user=3.09 sys=0.02, real=0.43 secs] 
2022-09-27T10:14:41.359-0800: 5.005: [Full GC (Ergonomics) [PSYoungGen: 25600K->25599K(29696K)] [ParOldGen: 66526K->66523K(68608K)] 92126K->92123K(98304K), [Metaspace: 3338K->3338K(1056768K)], 0.4221807 secs] [Times: user=2.94 sys=0.01, real=0.43 secs] 
2022-09-27T10:14:41.782-0800: 5.428: [Full GC (Ergonomics) [PSYoungGen: 25599K->25599K(29696K)] [ParOldGen: 66524K->66524K(68608K)] 92124K->92124K(98304K), [Metaspace: 3338K->3338K(1056768K)], 0.4441155 secs] [Times: user=3.18 sys=0.02, real=0.44 secs] 
2022-09-27T10:14:42.227-0800: 5.872: [Full GC (Ergonomics) [PSYoungGen: 25599K->25599K(29696K)] [ParOldGen: 66526K->66526K(68608K)] 92126K->92126K(98304K), [Metaspace: 3339K->3339K(1056768K)], 0.4358990 secs] [Times: user=3.04 sys=0.01, real=0.44 secs] 
2022-09-27T10:14:42.663-0800: 6.309: [Full GC (Ergonomics) [PSYoungGen: 25600K->25599K(29696K)] [ParOldGen: 66556K->66552K(68608K)] 92156K->92152K(98304K), [Metaspace: 3345K->3345K(1056768K)], 0.4480400 secs] [Times: user=3.23 sys=0.02, real=0.45 secs] 
2022-09-27T10:14:43.112-0800: 6.757: [Full GC (Ergonomics) [PSYoungGen: 25599K->25599K(29696K)] [ParOldGen: 66554K->66554K(68608K)] 92154K->92154K(98304K), [Metaspace: 3345K->3345K(1056768K)], 0.4238150 secs] [Times: user=2.97 sys=0.01, real=0.42 secs] 
2022-09-27T10:14:43.536-0800: 7.182: [Full GC (Ergonomics) [PSYoungGen: 25599K->25599K(29696K)] [ParOldGen: 66555K->66555K(68608K)] 92155K->92155K(98304K), [Metaspace: 3345K->3345K(1056768K)], 0.4335019 secs] [Times: user=3.09 sys=0.01, real=0.44 secs] 
2022-09-27T10:14:43.971-0800: 7.616: [Full GC (Ergonomics) [PSYoungGen: 25599K->25599K(29696K)] [ParOldGen: 66557K->66557K(68608K)] 92157K->92157K(98304K), [Metaspace: 3345K->3345K(1056768K)], 0.4366500 secs] [Times: user=3.07 sys=0.02, real=0.43 secs] 
2022-09-27T10:14:44.408-0800: 8.053: [Full GC (Ergonomics) [PSYoungGen: 25599K->25599K(29696K)] [ParOldGen: 66559K->66559K(68608K)] 92159K->92159K(98304K), [Metaspace: 3345K->3345K(1056768K)], 0.4520875 secs] [Times: user=3.27 sys=0.01, real=0.46 secs] 
2022-09-27T10:14:44.860-0800: 8.506: [Full GC (Ergonomics) [PSYoungGen: 25600K->25600K(29696K)] [ParOldGen: 66573K->66561K(68608K)] 92173K->92161K(98304K), [Metaspace: 3365K->3365K(1056768K)], 0.4436446 secs] [Times: user=3.16 sys=0.02, real=0.44 secs] 
2022-09-27T10:14:45.305-0800: 8.950: [Full GC (Ergonomics) [PSYoungGen: 25600K->25600K(29696K)] [ParOldGen: 66577K->66562K(68608K)] 92177K->92162K(98304K), [Metaspace: 3384K->3384K(1056768K)], 0.4388211 secs] [Times: user=3.13 sys=0.01, real=0.44 secs] 
2022-09-27T10:14:45.744-0800: 9.389: [Full GC (Ergonomics) [PSYoungGen: 25600K->25600K(29696K)] [ParOldGen: 66564K->66546K(68608K)] 92164K->92146K(98304K), [Metaspace: 3384K->3384K(1056768K)], 0.4395272 secs] [Times: user=3.12 sys=0.02, real=0.44 secs] 
2022-09-27T10:14:46.184-0800: 9.830: [Full GC (Ergonomics) [PSYoungGen: 25600K->25600K(29696K)] [ParOldGen: 66548K->66548K(68608K)] 92148K->92148K(98304K), [Metaspace: 3384K->3384K(1056768K)], 0.4488518 secs] [Times: user=3.16 sys=0.01, real=0.45 secs] 
2022-09-27T10:14:46.633-0800: 10.279: [Full GC (Ergonomics) [PSYoungGen: 25600K->25600K(29696K)] [ParOldGen: 66550K->66550K(68608K)] 92150K->92150K(98304K), [Metaspace: 3384K->3384K(1056768K)], 0.4454507 secs] [Times: user=3.18 sys=0.02, real=0.44 secs] 
2022-09-27T10:14:47.079-0800: 10.725: [Full GC (Ergonomics) [PSYoungGen: 25600K->25600K(29696K)] [ParOldGen: 66551K->66551K(68608K)] 92151K->92151K(98304K), [Metaspace: 3384K->3384K(1056768K)], 0.4335958 secs] [Times: user=3.01 sys=0.01, real=0.44 secs] 
2022-09-27T10:14:47.513-0800: 11.159: [Full GC (Ergonomics) [PSYoungGen: 25600K->25600K(29696K)] [ParOldGen: 66559K->66553K(68608K)] 92159K->92153K(98304K), [Metaspace: 3397K->3397K(1056768K)], 0.4412652 secs] [Times: user=3.12 sys=0.02, real=0.44 secs] 
2022-09-27T10:14:47.956-0800: 11.601: [Full GC (Ergonomics) [PSYoungGen: 25600K->25600K(29696K)] [ParOldGen: 66555K->66555K(68608K)] 92155K->92155K(98304K), [Metaspace: 3397K->3397K(1056768K)], 0.4339830 secs] [Times: user=3.07 sys=0.01, real=0.44 secs] 
2022-09-27 10:14:48 GC log file has reached the maximum size. Saved as ./gc-2022-09-27_10-14-36.log.0
