2022-09-27 10:15:00 GC log file created ./gc-2022-09-27_10-14-36.log.2
Java HotSpot(TM) 64-Bit Server VM (25.301-b09) for bsd-amd64 JRE (1.8.0_301-b09), built on Jun  9 2021 14:35:36 by "java_re" with gcc 4.2.1 Compatible Apple LLVM 11.0.0 (clang-1100.0.33.17)
Memory: 4k page, physical 16777216k(460900k free)

/proc/meminfo:

CommandLine flags: -XX:CICompilerCount=4 -XX:GCLogFileSize=8192 -XX:InitialHeapSize=104857600 -XX:MaxHeapSize=104857600 -XX:MaxNewSize=34603008 -XX:MinHeapDeltaBytes=524288 -XX:NewSize=34603008 -XX:NumberOfGCLogFiles=10 -XX:OldSize=70254592 -XX:+PrintGC -XX:+PrintGCCause -XX:+PrintGCDateStamps -XX:+PrintGCDetails -XX:+PrintGCTimeStamps -XX:+UseCompressedClassPointers -XX:+UseCompressedOops -XX:+UseFastUnorderedTimeStamps -XX:+UseGCLogFileRotation -XX:+UseParallelGC 
2022-09-27T10:15:00.188-0800: 23.834: [Full GC (Ergonomics) [PSYoungGen: 25600K->25600K(29696K)] [ParOldGen: 66617K->66617K(68608K)] 92217K->92217K(98304K), [Metaspace: 3454K->3454K(1056768K)], 0.3561715 secs] [Times: user=2.18 sys=0.02, real=0.36 secs] 
2022-09-27T10:15:00.545-0800: 24.190: [Full GC (Ergonomics) [PSYoungGen: 25600K->25600K(29696K)] [ParOldGen: 66618K->66618K(68608K)] 92218K->92218K(98304K), [Metaspace: 3454K->3454K(1056768K)], 0.4161385 secs] [Times: user=2.81 sys=0.03, real=0.42 secs] 
2022-09-27T10:15:00.961-0800: 24.607: [Full GC (Ergonomics) [PSYoungGen: 25600K->25600K(29696K)] [ParOldGen: 66620K->66620K(68608K)] 92220K->92220K(98304K), [Metaspace: 3454K->3454K(1056768K)], 0.3768267 secs] [Times: user=2.45 sys=0.03, real=0.37 secs] 
2022-09-27T10:15:01.339-0800: 24.985: [Full GC (Ergonomics) [PSYoungGen: 25600K->25600K(29696K)] [ParOldGen: 66625K->66625K(68608K)] 92225K->92225K(98304K), [Metaspace: 3454K->3454K(1056768K)], 0.3913231 secs] [Times: user=2.53 sys=0.03, real=0.40 secs] 
2022-09-27T10:15:01.731-0800: 25.377: [Full GC (Ergonomics) [PSYoungGen: 25600K->25600K(29696K)] [ParOldGen: 66626K->66626K(68608K)] 92226K->92226K(98304K), [Metaspace: 3454K->3454K(1056768K)], 0.3736498 secs] [Times: user=2.41 sys=0.03, real=0.37 secs] 
2022-09-27T10:15:02.105-0800: 25.751: [Full GC (Ergonomics) [PSYoungGen: 25600K->25600K(29696K)] [ParOldGen: 66628K->66628K(68608K)] 92228K->92228K(98304K), [Metaspace: 3454K->3454K(1056768K)], 0.3919084 secs] [Times: user=2.56 sys=0.03, real=0.39 secs] 
2022-09-27T10:15:02.498-0800: 26.143: [Full GC (Ergonomics) [PSYoungGen: 25600K->25600K(29696K)] [ParOldGen: 66630K->66630K(68608K)] 92230K->92230K(98304K), [Metaspace: 3454K->3454K(1056768K)], 0.4142635 secs] [Times: user=2.79 sys=0.03, real=0.42 secs] 
2022-09-27T10:15:02.912-0800: 26.558: [Full GC (Ergonomics) [PSYoungGen: 25600K->25600K(29696K)] [ParOldGen: 66632K->66632K(68608K)] 92232K->92232K(98304K), [Metaspace: 3454K->3454K(1056768K)], 0.4100753 secs] [Times: user=2.77 sys=0.02, real=0.41 secs] 
2022-09-27T10:15:03.323-0800: 26.969: [Full GC (Ergonomics) [PSYoungGen: 25600K->25600K(29696K)] [ParOldGen: 66633K->66633K(68608K)] 92233K->92233K(98304K), [Metaspace: 3454K->3454K(1056768K)], 0.4007641 secs] [Times: user=2.65 sys=0.03, real=0.40 secs] 
2022-09-27T10:15:03.724-0800: 27.370: [Full GC (Ergonomics) [PSYoungGen: 25600K->25600K(29696K)] [ParOldGen: 66635K->66635K(68608K)] 92235K->92235K(98304K), [Metaspace: 3454K->3454K(1056768K)], 0.4082083 secs] [Times: user=2.72 sys=0.03, real=0.41 secs] 
2022-09-27T10:15:04.133-0800: 27.779: [Full GC (Ergonomics) [PSYoungGen: 25600K->25600K(29696K)] [ParOldGen: 66637K->66637K(68608K)] 92237K->92237K(98304K), [Metaspace: 3454K->3454K(1056768K)], 0.4190142 secs] [Times: user=2.81 sys=0.03, real=0.42 secs] 
2022-09-27T10:15:04.553-0800: 28.199: [Full GC (Ergonomics) [PSYoungGen: 25600K->25600K(29696K)] [ParOldGen: 66639K->66639K(68608K)] 92239K->92239K(98304K), [Metaspace: 3454K->3454K(1056768K)], 0.4092945 secs] [Times: user=2.68 sys=0.02, real=0.41 secs] 
2022-09-27T10:15:04.963-0800: 28.608: [Full GC (Ergonomics) [PSYoungGen: 25600K->25600K(29696K)] [ParOldGen: 66641K->66641K(68608K)] 92241K->92241K(98304K), [Metaspace: 3454K->3454K(1056768K)], 0.4071229 secs] [Times: user=2.72 sys=0.03, real=0.41 secs] 
2022-09-27T10:15:05.370-0800: 29.016: [Full GC (Ergonomics) [PSYoungGen: 25600K->25600K(29696K)] [ParOldGen: 66642K->66642K(68608K)] 92242K->92242K(98304K), [Metaspace: 3454K->3454K(1056768K)], 0.3855543 secs] [Times: user=2.40 sys=0.03, real=0.38 secs] 
2022-09-27T10:15:05.757-0800: 29.402: [Full GC (Ergonomics) [PSYoungGen: 25600K->25600K(29696K)] [ParOldGen: 66644K->66644K(68608K)] 92244K->92244K(98304K), [Metaspace: 3454K->3454K(1056768K)], 0.3603929 secs] [Times: user=2.09 sys=0.02, real=0.36 secs] 
2022-09-27T10:15:06.118-0800: 29.763: [Full GC (Ergonomics) [PSYoungGen: 25600K->25600K(29696K)] [ParOldGen: 66646K->66646K(68608K)] 92246K->92246K(98304K), [Metaspace: 3454K->3454K(1056768K)], 0.3836837 secs] [Times: user=2.26 sys=0.03, real=0.39 secs] 
2022-09-27T10:15:06.502-0800: 30.148: [Full GC (Ergonomics) [PSYoungGen: 25600K->25600K(29696K)] [ParOldGen: 66648K->66648K(68608K)] 92248K->92248K(98304K), [Metaspace: 3454K->3454K(1056768K)], 0.4266764 secs] [Times: user=2.94 sys=0.02, real=0.42 secs] 
2022-09-27T10:15:06.929-0800: 30.575: [Full GC (Ergonomics) [PSYoungGen: 25600K->25600K(29696K)] [ParOldGen: 66649K->66649K(68608K)] 92249K->92249K(98304K), [Metaspace: 3454K->3454K(1056768K)], 0.4092213 secs] [Times: user=2.70 sys=0.03, real=0.41 secs] 
2022-09-27T10:15:07.339-0800: 30.984: [Full GC (Ergonomics) [PSYoungGen: 25600K->25600K(29696K)] [ParOldGen: 66651K->66651K(68608K)] 92251K->92251K(98304K), [Metaspace: 3454K->3454K(1056768K)], 0.3361460 secs] [Times: user=2.06 sys=0.02, real=0.34 secs] 
2022-09-27T10:15:07.675-0800: 31.321: [Full GC (Ergonomics) [PSYoungGen: 25600K->25600K(29696K)] [ParOldGen: 66653K->66653K(68608K)] 92253K->92253K(98304K), [Metaspace: 3454K->3454K(1056768K)], 0.3949940 secs] [Times: user=2.59 sys=0.03, real=0.40 secs] 
2022-09-27T10:15:08.071-0800: 31.717: [Full GC (Ergonomics) [PSYoungGen: 25600K->25600K(29696K)] [ParOldGen: 66655K->66655K(68608K)] 92255K->92255K(98304K), [Metaspace: 3454K->3454K(1056768K)], 0.3681422 secs] [Times: user=2.27 sys=0.01, real=0.36 secs] 
2022-09-27T10:15:08.440-0800: 32.086: [Full GC (Ergonomics) [PSYoungGen: 25600K->25600K(29696K)] [ParOldGen: 66657K->66657K(68608K)] 92257K->92257K(98304K), [Metaspace: 3454K->3454K(1056768K)], 0.3838325 secs] [Times: user=2.28 sys=0.03, real=0.38 secs] 
2022-09-27T10:15:08.824-0800: 32.470: [Full GC (Ergonomics) [PSYoungGen: 25600K->25600K(29696K)] [ParOldGen: 66659K->66659K(68608K)] 92259K->92259K(98304K), [Metaspace: 3454K->3454K(1056768K)], 0.3973187 secs] [Times: user=2.58 sys=0.02, real=0.40 secs] 
2022-09-27T10:15:09.223-0800: 32.869: [Full GC (Ergonomics) [PSYoungGen: 25600K->25600K(29696K)] [ParOldGen: 66661K->66661K(68608K)] 92261K->92261K(98304K), [Metaspace: 3454K->3454K(1056768K)], 0.3981385 secs] [Times: user=2.45 sys=0.02, real=0.40 secs] 
2022-09-27T10:15:09.622-0800: 33.268: [Full GC (Ergonomics) [PSYoungGen: 25600K->25600K(29696K)] [ParOldGen: 66663K->66663K(68608K)] 92263K->92263K(98304K), [Metaspace: 3454K->3454K(1056768K)], 0.4039403 secs] [Times: user=2.51 sys=0.04, real=0.40 secs] 
2022-09-27T10:15:10.026-0800: 33.672: [Full GC (Ergonomics) [PSYoungGen: 25600K->25600K(29696K)] [ParOldGen: 66665K->66665K(68608K)] 92265K->92265K(98304K), [Metaspace: 3454K->3454K(1056768K)], 0.3786673 secs] [Times: user=2.25 sys=0.03, real=0.38 secs] 
2022-09-27T10:15:10.406-0800: 34.052: [Full GC (Ergonomics) [PSYoungGen: 25600K->25600K(29696K)] [ParOldGen: 66667K->66667K(68608K)] 92267K->92267K(98304K), [Metaspace: 3456K->3456K(1056768K)], 0.3994166 secs] [Times: user=2.66 sys=0.03, real=0.40 secs] 
2022-09-27T10:15:10.806-0800: 34.452: [Full GC (Ergonomics) [PSYoungGen: 25600K->25600K(29696K)] [ParOldGen: 66669K->66669K(68608K)] 92269K->92269K(98304K), [Metaspace: 3456K->3456K(1056768K)], 0.4199461 secs] [Times: user=2.82 sys=0.03, real=0.42 secs] 
2022-09-27T10:15:11.227-0800: 34.872: [Full GC (Ergonomics) [PSYoungGen: 25600K->25600K(29696K)] [ParOldGen: 66671K->66671K(68608K)] 92271K->92271K(98304K), [Metaspace: 3456K->3456K(1056768K)], 0.3818838 secs] [Times: user=2.44 sys=0.03, real=0.38 secs] 
2022-09-27 10:15:11 GC log file has reached the maximum size. Saved as ./gc-2022-09-27_10-14-36.log.2
