Java HotSpot(TM) 64-Bit Server VM (25.301-b09) for bsd-amd64 JRE (1.8.0_301-b09), built on Jun  9 2021 14:35:36 by "java_re" with gcc 4.2.1 Compatible Apple LLVM 11.0.0 (clang-1100.0.33.17)
Memory: 4k page, physical 16777216k(529780k free)

/proc/meminfo:

CommandLine flags: -XX:GCLogFileSize=8192 -XX:InitialHeapSize=67108864 -XX:MaxHeapSize=67108864 -XX:NumberOfGCLogFiles=10 -XX:+PrintGC -XX:+PrintGCCause -XX:+PrintGCDateStamps -XX:+PrintGCDetails -XX:+PrintGCTimeStamps -XX:+UseCompressedClassPointers -XX:+UseCompressedOops -XX:+UseGCLogFileRotation -XX:+UseParallelGC 
2022-09-27T10:15:45.687-0800: 0.134: [GC (Allocation Failure) [PSYoungGen: 16384K->2528K(18944K)] 16384K->6520K(62976K), 0.0065647 secs] [Times: user=0.03 sys=0.00, real=0.01 secs] 
2022-09-27T10:15:45.703-0800: 0.150: [GC (Allocation Failure) [PSYoungGen: 17936K->2537K(18944K)] 21928K->14545K(62976K), 0.0067575 secs] [Times: user=0.03 sys=0.01, real=0.01 secs] 
2022-09-27T10:15:45.716-0800: 0.163: [GC (Allocation Failure) [PSYoungGen: 18921K->2558K(18944K)] 30929K->28634K(62976K), 0.0122023 secs] [Times: user=0.06 sys=0.01, real=0.01 secs] 
2022-09-27T10:15:45.734-0800: 0.181: [GC (Allocation Failure) [PSYoungGen: 18942K->2544K(18944K)] 45018K->42961K(62976K), 0.0121990 secs] [Times: user=0.06 sys=0.01, real=0.01 secs] 
2022-09-27T10:15:45.747-0800: 0.193: [Full GC (Ergonomics) [PSYoungGen: 2544K->0K(18944K)] [ParOldGen: 40417K->42725K(44032K)] 42961K->42725K(62976K), [Metaspace: 3321K->3321K(1056768K)], 0.3024287 secs] [Times: user=1.44 sys=0.05, real=0.30 secs] 
2022-09-27T10:15:46.055-0800: 0.502: [Full GC (Ergonomics) [PSYoungGen: 16384K->12287K(18944K)] [ParOldGen: 42725K->43645K(44032K)] 59109K->55932K(62976K), [Metaspace: 3321K->3321K(1056768K)], 0.2464940 secs] [Times: user=1.36 sys=0.02, real=0.25 secs] 
2022-09-27T10:15:46.303-0800: 0.750: [Full GC (Ergonomics) [PSYoungGen: 16384K->16056K(18944K)] [ParOldGen: 43645K->43645K(44032K)] 60029K->59701K(62976K), [Metaspace: 3321K->3321K(1056768K)], 0.2851016 secs] [Times: user=1.86 sys=0.02, real=0.28 secs] 
2022-09-27T10:15:46.589-0800: 1.036: [Full GC (Ergonomics) [PSYoungGen: 16384K->16056K(18944K)] [ParOldGen: 43645K->43645K(44032K)] 60029K->59701K(62976K), [Metaspace: 3321K->3321K(1056768K)], 0.2780717 secs] [Times: user=1.90 sys=0.01, real=0.28 secs] 
2022-09-27T10:15:46.868-0800: 1.315: [Full GC (Ergonomics) [PSYoungGen: 16384K->16383K(18944K)] [ParOldGen: 43645K->43645K(44032K)] 60029K->60029K(62976K), [Metaspace: 3321K->3321K(1056768K)], 0.2727066 secs] [Times: user=1.84 sys=0.01, real=0.28 secs] 
2022-09-27T10:15:47.141-0800: 1.588: [Full GC (Ergonomics) [PSYoungGen: 16383K->16383K(18944K)] [ParOldGen: 43645K->43645K(44032K)] 60029K->60029K(62976K), [Metaspace: 3321K->3321K(1056768K)], 0.2491312 secs] [Times: user=1.51 sys=0.02, real=0.25 secs] 
2022-09-27T10:15:47.391-0800: 1.837: [Full GC (Ergonomics) [PSYoungGen: 16383K->16383K(18944K)] [ParOldGen: 43646K->43646K(44032K)] 60030K->60030K(62976K), [Metaspace: 3321K->3321K(1056768K)], 0.2444430 secs] [Times: user=1.46 sys=0.01, real=0.24 secs] 
2022-09-27T10:15:47.636-0800: 2.082: [Full GC (Ergonomics) [PSYoungGen: 16384K->16384K(18944K)] [ParOldGen: 43651K->43648K(44032K)] 60035K->60032K(62976K), [Metaspace: 3325K->3325K(1056768K)], 0.2609275 secs] [Times: user=1.66 sys=0.01, real=0.26 secs] 
2022-09-27T10:15:47.897-0800: 2.344: [Full GC (Ergonomics) [PSYoungGen: 16384K->16383K(18944K)] [ParOldGen: 43650K->43650K(44032K)] 60034K->60034K(62976K), [Metaspace: 3325K->3325K(1056768K)], 0.2595083 secs] [Times: user=1.60 sys=0.01, real=0.26 secs] 
2022-09-27T10:15:48.157-0800: 2.604: [Full GC (Ergonomics) [PSYoungGen: 16383K->16383K(18944K)] [ParOldGen: 43652K->43652K(44032K)] 60036K->60036K(62976K), [Metaspace: 3325K->3325K(1056768K)], 0.2361612 secs] [Times: user=1.35 sys=0.01, real=0.24 secs] 
2022-09-27T10:15:48.394-0800: 2.840: [Full GC (Ergonomics) [PSYoungGen: 16383K->16383K(18944K)] [ParOldGen: 43654K->43654K(44032K)] 60037K->60037K(62976K), [Metaspace: 3325K->3325K(1056768K)], 0.2620338 secs] [Times: user=1.66 sys=0.02, real=0.26 secs] 
2022-09-27T10:15:48.656-0800: 3.103: [Full GC (Ergonomics) [PSYoungGen: 16383K->16383K(18944K)] [ParOldGen: 43655K->43655K(44032K)] 60039K->60039K(62976K), [Metaspace: 3325K->3325K(1056768K)], 0.2558008 secs] [Times: user=1.56 sys=0.01, real=0.26 secs] 
2022-09-27T10:15:48.912-0800: 3.359: [Full GC (Ergonomics) [PSYoungGen: 16383K->16383K(18944K)] [ParOldGen: 43657K->43657K(44032K)] 60041K->60041K(62976K), [Metaspace: 3325K->3325K(1056768K)], 0.2937729 secs] [Times: user=2.09 sys=0.01, real=0.29 secs] 
2022-09-27T10:15:49.207-0800: 3.654: [Full GC (Ergonomics) [PSYoungGen: 16384K->16383K(18944K)] [ParOldGen: 43662K->43659K(44032K)] 60046K->60043K(62976K), [Metaspace: 3331K->3331K(1056768K)], 0.2834921 secs] [Times: user=1.97 sys=0.01, real=0.29 secs] 
2022-09-27T10:15:49.491-0800: 3.938: [Full GC (Ergonomics) [PSYoungGen: 16383K->16383K(18944K)] [ParOldGen: 43661K->43661K(44032K)] 60045K->60045K(62976K), [Metaspace: 3331K->3331K(1056768K)], 0.2977536 secs] [Times: user=2.13 sys=0.01, real=0.29 secs] 
2022-09-27T10:15:49.789-0800: 4.236: [Full GC (Ergonomics) [PSYoungGen: 16383K->16383K(18944K)] [ParOldGen: 43663K->43663K(44032K)] 60047K->60047K(62976K), [Metaspace: 3331K->3331K(1056768K)], 0.2818422 secs] [Times: user=2.02 sys=0.01, real=0.29 secs] 
2022-09-27T10:15:50.072-0800: 4.519: [Full GC (Ergonomics) [PSYoungGen: 16383K->16383K(18944K)] [ParOldGen: 43665K->43665K(44032K)] 60049K->60049K(62976K), [Metaspace: 3332K->3332K(1056768K)], 0.2784152 secs] [Times: user=1.97 sys=0.01, real=0.28 secs] 
2022-09-27T10:15:50.351-0800: 4.798: [Full GC (Ergonomics) [PSYoungGen: 16384K->16383K(18944K)] [ParOldGen: 43672K->43670K(44032K)] 60056K->60054K(62976K), [Metaspace: 3335K->3335K(1056768K)], 0.2820192 secs] [Times: user=1.99 sys=0.01, real=0.28 secs] 
2022-09-27T10:15:50.634-0800: 5.080: [Full GC (Ergonomics) [PSYoungGen: 16384K->16384K(18944K)] [ParOldGen: 43676K->43654K(44032K)] 60060K->60038K(62976K), [Metaspace: 3342K->3342K(1056768K)], 0.3134659 secs] [Times: user=2.22 sys=0.02, real=0.31 secs] 
2022-09-27T10:15:50.948-0800: 5.394: [Full GC (Ergonomics) [PSYoungGen: 16384K->16384K(18944K)] [ParOldGen: 43656K->43656K(44032K)] 60040K->60040K(62976K), [Metaspace: 3342K->3342K(1056768K)], 0.2874463 secs] [Times: user=2.06 sys=0.01, real=0.29 secs] 
2022-09-27T10:15:51.235-0800: 5.682: [Full GC (Ergonomics) [PSYoungGen: 16384K->16383K(18944K)] [ParOldGen: 43658K->43658K(44032K)] 60042K->60042K(62976K), [Metaspace: 3342K->3342K(1056768K)], 0.2835183 secs] [Times: user=1.98 sys=0.01, real=0.28 secs] 
2022-09-27T10:15:51.519-0800: 5.966: [Full GC (Ergonomics) [PSYoungGen: 16383K->16383K(18944K)] [ParOldGen: 43659K->43659K(44032K)] 60043K->60043K(62976K), [Metaspace: 3342K->3342K(1056768K)], 0.2928309 secs] [Times: user=2.10 sys=0.01, real=0.30 secs] 
2022-09-27T10:15:51.813-0800: 6.259: [Full GC (Ergonomics) [PSYoungGen: 16384K->16383K(18944K)] [ParOldGen: 43665K->43661K(44032K)] 60049K->60045K(62976K), [Metaspace: 3348K->3348K(1056768K)], 0.2821327 secs] [Times: user=2.01 sys=0.01, real=0.28 secs] 
2022-09-27T10:15:52.095-0800: 6.542: [Full GC (Ergonomics) [PSYoungGen: 16383K->16383K(18944K)] [ParOldGen: 43687K->43687K(44032K)] 60071K->60071K(62976K), [Metaspace: 3348K->3348K(1056768K)], 0.2752587 secs] [Times: user=1.93 sys=0.01, real=0.28 secs] 
2022-09-27T10:15:52.371-0800: 6.818: [Full GC (Ergonomics) [PSYoungGen: 16383K->16383K(18944K)] [ParOldGen: 43688K->43688K(44032K)] 60072K->60072K(62976K), [Metaspace: 3349K->3349K(1056768K)], 0.2805172 secs] [Times: user=1.98 sys=0.01, real=0.28 secs] 
2022-09-27T10:15:52.652-0800: 7.099: [Full GC (Ergonomics) [PSYoungGen: 16383K->16383K(18944K)] [ParOldGen: 43690K->43690K(44032K)] 60074K->60074K(62976K), [Metaspace: 3349K->3349K(1056768K)], 0.2933441 secs] [Times: user=2.11 sys=0.01, real=0.29 secs] 
2022-09-27T10:15:52.946-0800: 7.393: [Full GC (Ergonomics) [PSYoungGen: 16383K->16383K(18944K)] [ParOldGen: 43692K->43692K(44032K)] 60076K->60076K(62976K), [Metaspace: 3349K->3349K(1056768K)], 0.2910965 secs] [Times: user=2.08 sys=0.01, real=0.29 secs] 
2022-09-27T10:15:53.237-0800: 7.684: [Full GC (Ergonomics) [PSYoungGen: 16384K->16384K(18944K)] [ParOldGen: 43706K->43694K(44032K)] 60090K->60078K(62976K), [Metaspace: 3368K->3368K(1056768K)], 0.2901763 secs] [Times: user=2.04 sys=0.01, real=0.29 secs] 
2022-09-27 10:15:53 GC log file has reached the maximum size. Saved as ./gc-2022-09-27_10-15-45.log.0
