2022-09-27 10:15:11 GC log file created ./gc-2022-09-27_10-14-36.log.3
Java HotSpot(TM) 64-Bit Server VM (25.301-b09) for bsd-amd64 JRE (1.8.0_301-b09), built on Jun  9 2021 14:35:36 by "java_re" with gcc 4.2.1 Compatible Apple LLVM 11.0.0 (clang-1100.0.33.17)
Memory: 4k page, physical 16777216k(450068k free)

/proc/meminfo:

CommandLine flags: -XX:CICompilerCount=4 -XX:GCLogFileSize=8192 -XX:InitialHeapSize=104857600 -XX:MaxHeapSize=104857600 -XX:MaxNewSize=34603008 -XX:MinHeapDeltaBytes=524288 -XX:NewSize=34603008 -XX:NumberOfGCLogFiles=10 -XX:OldSize=70254592 -XX:+PrintGC -XX:+PrintGCCause -XX:+PrintGCDateStamps -XX:+PrintGCDetails -XX:+PrintGCTimeStamps -XX:+UseCompressedClassPointers -XX:+UseCompressedOops -XX:+UseFastUnorderedTimeStamps -XX:+UseGCLogFileRotation -XX:+UseParallelGC 
2022-09-27T10:15:11.610-0800: 35.256: [Full GC (Ergonomics) [PSYoungGen: 25600K->25600K(29696K)] [ParOldGen: 66673K->66673K(68608K)] 92273K->92273K(98304K), [Metaspace: 3456K->3456K(1056768K)], 0.4014224 secs] [Times: user=2.70 sys=0.02, real=0.40 secs] 
2022-09-27T10:15:12.013-0800: 35.658: [Full GC (Ergonomics) [PSYoungGen: 25600K->25600K(29696K)] [ParOldGen: 66675K->66675K(68608K)] 92275K->92275K(98304K), [Metaspace: 3456K->3456K(1056768K)], 0.3958783 secs] [Times: user=2.53 sys=0.04, real=0.39 secs] 
2022-09-27T10:15:12.409-0800: 36.055: [Full GC (Ergonomics) [PSYoungGen: 25600K->25600K(29696K)] [ParOldGen: 66677K->66677K(68608K)] 92277K->92277K(98304K), [Metaspace: 3456K->3456K(1056768K)], 0.3958468 secs] [Times: user=2.59 sys=0.03, real=0.40 secs] 
2022-09-27T10:15:12.806-0800: 36.451: [Full GC (Ergonomics) [PSYoungGen: 25600K->25600K(29696K)] [ParOldGen: 66679K->66679K(68608K)] 92279K->92279K(98304K), [Metaspace: 3458K->3458K(1056768K)], 0.3992350 secs] [Times: user=2.58 sys=0.03, real=0.40 secs] 
2022-09-27T10:15:13.206-0800: 36.851: [Full GC (Ergonomics) [PSYoungGen: 25600K->25600K(29696K)] [ParOldGen: 66681K->66681K(68608K)] 92281K->92281K(98304K), [Metaspace: 3458K->3458K(1056768K)], 0.3861316 secs] [Times: user=2.42 sys=0.02, real=0.39 secs] 
2022-09-27T10:15:13.592-0800: 37.238: [Full GC (Ergonomics) [PSYoungGen: 25600K->25600K(29696K)] [ParOldGen: 66683K->66683K(68608K)] 92283K->92283K(98304K), [Metaspace: 3458K->3458K(1056768K)], 0.4273648 secs] [Times: user=2.91 sys=0.02, real=0.43 secs] 
2022-09-27T10:15:14.020-0800: 37.666: [Full GC (Ergonomics) [PSYoungGen: 25600K->25600K(29696K)] [ParOldGen: 66685K->66685K(68608K)] 92285K->92285K(98304K), [Metaspace: 3458K->3458K(1056768K)], 0.3862620 secs] [Times: user=2.44 sys=0.03, real=0.38 secs] 
2022-09-27T10:15:14.407-0800: 38.053: [Full GC (Ergonomics) [PSYoungGen: 25600K->25600K(29696K)] [ParOldGen: 66687K->66687K(68608K)] 92287K->92287K(98304K), [Metaspace: 3458K->3458K(1056768K)], 0.4056702 secs] [Times: user=2.72 sys=0.03, real=0.41 secs] 
2022-09-27T10:15:14.814-0800: 38.459: [Full GC (Ergonomics) [PSYoungGen: 25600K->25600K(29696K)] [ParOldGen: 66689K->66689K(68608K)] 92289K->92289K(98304K), [Metaspace: 3458K->3458K(1056768K)], 0.4164107 secs] [Times: user=2.79 sys=0.03, real=0.42 secs] 
2022-09-27T10:15:15.231-0800: 38.876: [Full GC (Ergonomics) [PSYoungGen: 25600K->25600K(29696K)] [ParOldGen: 66690K->66690K(68608K)] 92290K->92290K(98304K), [Metaspace: 3458K->3458K(1056768K)], 0.4053872 secs] [Times: user=2.74 sys=0.02, real=0.40 secs] 
2022-09-27T10:15:15.637-0800: 39.283: [Full GC (Ergonomics) [PSYoungGen: 25600K->25600K(29696K)] [ParOldGen: 66692K->66692K(68608K)] 92292K->92292K(98304K), [Metaspace: 3458K->3458K(1056768K)], 0.4298172 secs] [Times: user=2.99 sys=0.02, real=0.43 secs] 
2022-09-27T10:15:16.067-0800: 39.713: [Full GC (Ergonomics) [PSYoungGen: 25600K->25600K(29696K)] [ParOldGen: 66694K->66694K(68608K)] 92294K->92294K(98304K), [Metaspace: 3458K->3458K(1056768K)], 0.4118644 secs] [Times: user=2.81 sys=0.02, real=0.41 secs] 
2022-09-27T10:15:16.480-0800: 40.126: [Full GC (Ergonomics) [PSYoungGen: 25600K->25600K(29696K)] [ParOldGen: 66696K->66696K(68608K)] 92296K->92296K(98304K), [Metaspace: 3458K->3458K(1056768K)], 0.4083803 secs] [Times: user=2.81 sys=0.02, real=0.40 secs] 
2022-09-27T10:15:16.889-0800: 40.535: [Full GC (Ergonomics) [PSYoungGen: 25600K->25600K(29696K)] [ParOldGen: 66697K->66697K(68608K)] 92297K->92297K(98304K), [Metaspace: 3458K->3458K(1056768K)], 0.4278494 secs] [Times: user=2.95 sys=0.02, real=0.43 secs] 
2022-09-27T10:15:17.317-0800: 40.963: [Full GC (Ergonomics) [PSYoungGen: 25600K->25600K(29696K)] [ParOldGen: 66699K->66699K(68608K)] 92299K->92299K(98304K), [Metaspace: 3458K->3458K(1056768K)], 0.4076243 secs] [Times: user=2.72 sys=0.02, real=0.41 secs] 
2022-09-27T10:15:17.726-0800: 41.372: [Full GC (Ergonomics) [PSYoungGen: 25600K->25600K(29696K)] [ParOldGen: 66702K->66702K(68608K)] 92302K->92302K(98304K), [Metaspace: 3460K->3460K(1056768K)], 0.4139756 secs] [Times: user=2.87 sys=0.01, real=0.42 secs] 
2022-09-27T10:15:18.140-0800: 41.786: [Full GC (Ergonomics) [PSYoungGen: 25600K->25600K(29696K)] [ParOldGen: 66703K->66703K(68608K)] 92303K->92303K(98304K), [Metaspace: 3460K->3460K(1056768K)], 0.4328847 secs] [Times: user=2.98 sys=0.03, real=0.43 secs] 
2022-09-27T10:15:18.574-0800: 42.220: [Full GC (Ergonomics) [PSYoungGen: 25600K->25600K(29696K)] [ParOldGen: 66705K->66705K(68608K)] 92305K->92305K(98304K), [Metaspace: 3460K->3460K(1056768K)], 0.4340347 secs] [Times: user=3.00 sys=0.02, real=0.43 secs] 
2022-09-27T10:15:19.009-0800: 42.655: [Full GC (Ergonomics) [PSYoungGen: 25600K->25600K(29696K)] [ParOldGen: 66707K->66707K(68608K)] 92307K->92307K(98304K), [Metaspace: 3460K->3460K(1056768K)], 0.3895022 secs] [Times: user=2.61 sys=0.02, real=0.39 secs] 
2022-09-27T10:15:19.400-0800: 43.046: [Full GC (Ergonomics) [PSYoungGen: 25600K->25600K(29696K)] [ParOldGen: 66709K->66709K(68608K)] 92309K->92309K(98304K), [Metaspace: 3460K->3460K(1056768K)], 0.4381918 secs] [Times: user=3.06 sys=0.02, real=0.43 secs] 
2022-09-27T10:15:19.839-0800: 43.485: [Full GC (Ergonomics) [PSYoungGen: 25600K->25600K(29696K)] [ParOldGen: 66711K->66711K(68608K)] 92311K->92311K(98304K), [Metaspace: 3460K->3460K(1056768K)], 0.4240233 secs] [Times: user=2.90 sys=0.02, real=0.43 secs] 
2022-09-27T10:15:20.264-0800: 43.910: [Full GC (Ergonomics) [PSYoungGen: 25600K->25600K(29696K)] [ParOldGen: 66713K->66713K(68608K)] 92313K->92313K(98304K), [Metaspace: 3460K->3460K(1056768K)], 0.4310536 secs] [Times: user=2.99 sys=0.02, real=0.43 secs] 
2022-09-27T10:15:20.696-0800: 44.341: [Full GC (Ergonomics) [PSYoungGen: 25600K->25600K(29696K)] [ParOldGen: 66715K->66715K(68608K)] 92315K->92315K(98304K), [Metaspace: 3460K->3460K(1056768K)], 0.4426642 secs] [Times: user=3.04 sys=0.02, real=0.44 secs] 
2022-09-27T10:15:21.139-0800: 44.785: [Full GC (Ergonomics) [PSYoungGen: 25600K->25600K(29696K)] [ParOldGen: 66717K->66717K(68608K)] 92317K->92317K(98304K), [Metaspace: 3460K->3460K(1056768K)], 0.4305577 secs] [Times: user=2.95 sys=0.02, real=0.44 secs] 
2022-09-27T10:15:21.570-0800: 45.216: [Full GC (Ergonomics) [PSYoungGen: 25600K->25600K(29696K)] [ParOldGen: 66718K->66718K(68608K)] 92318K->92318K(98304K), [Metaspace: 3460K->3460K(1056768K)], 0.4387019 secs] [Times: user=3.10 sys=0.02, real=0.43 secs] 
2022-09-27T10:15:22.010-0800: 45.655: [Full GC (Ergonomics) [PSYoungGen: 25600K->25600K(29696K)] [ParOldGen: 66720K->66720K(68608K)] 92320K->92320K(98304K), [Metaspace: 3460K->3460K(1056768K)], 0.4293055 secs] [Times: user=2.97 sys=0.02, real=0.42 secs] 
2022-09-27T10:15:22.440-0800: 46.086: [Full GC (Ergonomics) [PSYoungGen: 25600K->25600K(29696K)] [ParOldGen: 66722K->66722K(68608K)] 92322K->92322K(98304K), [Metaspace: 3460K->3460K(1056768K)], 0.4574699 secs] [Times: user=3.24 sys=0.02, real=0.45 secs] 
2022-09-27T10:15:22.898-0800: 46.544: [Full GC (Ergonomics) [PSYoungGen: 25600K->25600K(29696K)] [ParOldGen: 66724K->66724K(68608K)] 92324K->92324K(98304K), [Metaspace: 3460K->3460K(1056768K)], 0.4096404 secs] [Times: user=2.80 sys=0.02, real=0.41 secs] 
2022-09-27T10:15:23.308-0800: 46.954: [Full GC (Ergonomics) [PSYoungGen: 25600K->25600K(29696K)] [ParOldGen: 66726K->66726K(68608K)] 92326K->92326K(98304K), [Metaspace: 3460K->3460K(1056768K)], 0.4327152 secs] [Times: user=3.03 sys=0.01, real=0.44 secs] 
2022-09-27 10:15:23 GC log file has reached the maximum size. Saved as ./gc-2022-09-27_10-14-36.log.3
