Java HotSpot(TM) 64-Bit Server VM (25.301-b09) for bsd-amd64 JRE (1.8.0_301-b09), built on Jun  9 2021 14:35:36 by "java_re" with gcc 4.2.1 Compatible Apple LLVM 11.0.0 (clang-1100.0.33.17)
Memory: 4k page, physical 16777216k(230780k free)

/proc/meminfo:

CommandLine flags: -XX:CompressedClassSpaceSize=260046848 -XX:GCLogFileSize=8192 -XX:InitialHeapSize=67108864 -XX:MaxHeapSize=67108864 -XX:MaxMetaspaceSize=268435456 -XX:MetaspaceSize=268435456 -XX:NumberOfGCLogFiles=10 -XX:+PrintGC -XX:+PrintGCCause -XX:+PrintGCDateStamps -XX:+PrintGCDetails -XX:+PrintGCTimeStamps -XX:+UseCompressedClassPointers -XX:+UseCompressedOops -XX:+UseGCLogFileRotation -XX:+UseParallelGC 
2022-09-27T11:09:55.751-0800: 0.160: [GC (Allocation Failure) [PSYoungGen: 16384K->2528K(18944K)] 16384K->6544K(62976K), 0.0073476 secs] [Times: user=0.03 sys=0.01, real=0.00 secs] 
2022-09-27T11:09:55.770-0800: 0.179: [GC (Allocation Failure) [PSYoungGen: 18912K->2558K(18944K)] 22928K->16478K(62976K), 0.0109089 secs] [Times: user=0.05 sys=0.01, real=0.01 secs] 
2022-09-27T11:09:55.788-0800: 0.197: [GC (Allocation Failure) [PSYoungGen: 18942K->2542K(18944K)] 32862K->31526K(62976K), 0.0136714 secs] [Times: user=0.07 sys=0.01, real=0.02 secs] 
2022-09-27T11:09:55.802-0800: 0.210: [Full GC (Ergonomics) [PSYoungGen: 2542K->0K(18944K)] [ParOldGen: 28984K->31347K(44032K)] 31526K->31347K(62976K), [Metaspace: 3314K->3314K(1056768K)], 0.2531964 secs] [Times: user=1.32 sys=0.05, real=0.25 secs] 
2022-09-27T11:09:56.062-0800: 0.470: [Full GC (Ergonomics) [PSYoungGen: 16384K->2047K(18944K)] [ParOldGen: 31347K->43561K(44032K)] 47731K->45609K(62976K), [Metaspace: 3315K->3315K(1056768K)], 0.2089824 secs] [Times: user=1.11 sys=0.02, real=0.21 secs] 
2022-09-27T11:09:56.275-0800: 0.684: [Full GC (Ergonomics) [PSYoungGen: 16384K->12799K(18944K)] [ParOldGen: 43561K->43652K(44032K)] 59945K->56451K(62976K), [Metaspace: 3315K->3315K(1056768K)], 0.3197913 secs] [Times: user=1.94 sys=0.02, real=0.32 secs] 
2022-09-27T11:09:56.597-0800: 1.006: [Full GC (Ergonomics) [PSYoungGen: 16384K->16383K(18944K)] [ParOldGen: 43652K->43652K(44032K)] 60036K->60035K(62976K), [Metaspace: 3315K->3315K(1056768K)], 0.2973746 secs] [Times: user=1.79 sys=0.02, real=0.30 secs] 
2022-09-27T11:09:56.895-0800: 1.304: [Full GC (Ergonomics) [PSYoungGen: 16384K->16383K(18944K)] [ParOldGen: 43652K->43652K(44032K)] 60036K->60035K(62976K), [Metaspace: 3315K->3315K(1056768K)], 0.3164506 secs] [Times: user=2.14 sys=0.01, real=0.32 secs] 
2022-09-27T11:09:57.212-0800: 1.621: [Full GC (Ergonomics) [PSYoungGen: 16384K->16384K(18944K)] [ParOldGen: 43654K->43654K(44032K)] 60038K->60038K(62976K), [Metaspace: 3315K->3315K(1056768K)], 0.3187013 secs] [Times: user=2.20 sys=0.01, real=0.32 secs] 
2022-09-27T11:09:57.531-0800: 1.940: [Full GC (Ergonomics) [PSYoungGen: 16384K->16384K(18944K)] [ParOldGen: 43655K->43655K(44032K)] 60039K->60039K(62976K), [Metaspace: 3315K->3315K(1056768K)], 0.3061954 secs] [Times: user=1.95 sys=0.02, real=0.30 secs] 
2022-09-27T11:09:57.838-0800: 2.247: [Full GC (Ergonomics) [PSYoungGen: 16384K->16384K(18944K)] [ParOldGen: 43657K->43657K(44032K)] 60041K->60041K(62976K), [Metaspace: 3315K->3315K(1056768K)], 0.3181150 secs] [Times: user=2.12 sys=0.01, real=0.32 secs] 
2022-09-27T11:09:58.157-0800: 2.565: [Full GC (Ergonomics) [PSYoungGen: 16384K->16384K(18944K)] [ParOldGen: 43659K->43659K(44032K)] 60043K->60043K(62976K), [Metaspace: 3315K->3315K(1056768K)], 0.3175709 secs] [Times: user=2.02 sys=0.01, real=0.32 secs] 
2022-09-27T11:09:58.475-0800: 2.884: [Full GC (Ergonomics) [PSYoungGen: 16384K->16384K(18944K)] [ParOldGen: 43663K->43661K(44032K)] 60047K->60045K(62976K), [Metaspace: 3319K->3319K(1056768K)], 0.3163740 secs] [Times: user=2.11 sys=0.01, real=0.32 secs] 
2022-09-27T11:09:58.792-0800: 3.201: [Full GC (Ergonomics) [PSYoungGen: 16384K->16384K(18944K)] [ParOldGen: 43662K->43662K(44032K)] 60046K->60046K(62976K), [Metaspace: 3319K->3319K(1056768K)], 0.3306618 secs] [Times: user=2.47 sys=0.01, real=0.33 secs] 
2022-09-27T11:09:59.123-0800: 3.532: [Full GC (Ergonomics) [PSYoungGen: 16384K->16384K(18944K)] [ParOldGen: 43664K->43664K(44032K)] 60048K->60048K(62976K), [Metaspace: 3319K->3319K(1056768K)], 0.3357073 secs] [Times: user=2.59 sys=0.00, real=0.33 secs] 
2022-09-27T11:09:59.459-0800: 3.868: [Full GC (Ergonomics) [PSYoungGen: 16384K->16384K(18944K)] [ParOldGen: 43666K->43666K(44032K)] 60050K->60050K(62976K), [Metaspace: 3319K->3319K(1056768K)], 0.3360765 secs] [Times: user=2.61 sys=0.01, real=0.34 secs] 
2022-09-27T11:09:59.796-0800: 4.204: [Full GC (Ergonomics) [PSYoungGen: 16384K->16384K(18944K)] [ParOldGen: 43668K->43668K(44032K)] 60052K->60052K(62976K), [Metaspace: 3319K->3319K(1056768K)], 0.3166026 secs] [Times: user=2.28 sys=0.02, real=0.32 secs] 
2022-09-27T11:10:00.113-0800: 4.522: [Full GC (Ergonomics) [PSYoungGen: 16384K->16384K(18944K)] [ParOldGen: 43670K->43669K(44032K)] 60054K->60053K(62976K), [Metaspace: 3319K->3319K(1056768K)], 0.3039602 secs] [Times: user=2.13 sys=0.02, real=0.30 secs] 
2022-09-27T11:10:00.417-0800: 4.826: [Full GC (Ergonomics) [PSYoungGen: 16384K->16384K(18944K)] [ParOldGen: 43671K->43671K(44032K)] 60055K->60055K(62976K), [Metaspace: 3319K->3319K(1056768K)], 0.3210387 secs] [Times: user=2.31 sys=0.02, real=0.32 secs] 
2022-09-27T11:10:00.739-0800: 5.148: [Full GC (Ergonomics) [PSYoungGen: 16384K->16384K(18944K)] [ParOldGen: 43673K->43655K(44032K)] 60057K->60039K(62976K), [Metaspace: 3319K->3319K(1056768K)], 0.3453213 secs] [Times: user=2.53 sys=0.02, real=0.35 secs] 
2022-09-27T11:10:01.085-0800: 5.493: [Full GC (Ergonomics) [PSYoungGen: 16384K->16384K(18944K)] [ParOldGen: 43657K->43657K(44032K)] 60041K->60041K(62976K), [Metaspace: 3319K->3319K(1056768K)], 0.3025404 secs] [Times: user=2.09 sys=0.03, real=0.30 secs] 
2022-09-27T11:10:01.388-0800: 5.796: [Full GC (Ergonomics) [PSYoungGen: 16384K->16384K(18944K)] [ParOldGen: 43658K->43658K(44032K)] 60042K->60042K(62976K), [Metaspace: 3319K->3319K(1056768K)], 0.3268010 secs] [Times: user=2.44 sys=0.01, real=0.33 secs] 
2022-09-27T11:10:01.715-0800: 6.124: [Full GC (Ergonomics) [PSYoungGen: 16384K->16384K(18944K)] [ParOldGen: 43660K->43660K(44032K)] 60044K->60044K(62976K), [Metaspace: 3321K->3321K(1056768K)], 0.3137030 secs] [Times: user=2.29 sys=0.02, real=0.31 secs] 
2022-09-27T11:10:02.030-0800: 6.438: [Full GC (Ergonomics) [PSYoungGen: 16384K->16384K(18944K)] [ParOldGen: 43662K->43662K(44032K)] 60046K->60046K(62976K), [Metaspace: 3321K->3321K(1056768K)], 0.3344306 secs] [Times: user=2.56 sys=0.01, real=0.33 secs] 
2022-09-27T11:10:02.365-0800: 6.773: [Full GC (Ergonomics) [PSYoungGen: 16384K->16384K(18944K)] [ParOldGen: 43664K->43664K(44032K)] 60048K->60048K(62976K), [Metaspace: 3321K->3321K(1056768K)], 0.2360530 secs] [Times: user=1.31 sys=0.01, real=0.24 secs] 
2022-09-27T11:10:02.602-0800: 7.011: [Full GC (Ergonomics) [PSYoungGen: 16384K->16384K(18944K)] [ParOldGen: 43665K->43665K(44032K)] 60049K->60049K(62976K), [Metaspace: 3321K->3321K(1056768K)], 0.2460654 secs] [Times: user=1.22 sys=0.02, real=0.24 secs] 
2022-09-27T11:10:02.849-0800: 7.257: [Full GC (Ergonomics) [PSYoungGen: 16384K->16384K(18944K)] [ParOldGen: 43667K->43667K(44032K)] 60051K->60051K(62976K), [Metaspace: 3321K->3321K(1056768K)], 0.3284374 secs] [Times: user=2.34 sys=0.01, real=0.33 secs] 
2022-09-27T11:10:03.178-0800: 7.586: [Full GC (Ergonomics) [PSYoungGen: 16384K->16384K(18944K)] [ParOldGen: 43670K->43669K(44032K)] 60054K->60053K(62976K), [Metaspace: 3321K->3321K(1056768K)], 0.3256317 secs] [Times: user=2.41 sys=0.01, real=0.33 secs] 
2022-09-27T11:10:03.504-0800: 7.912: [Full GC (Ergonomics) [PSYoungGen: 16384K->16384K(18944K)] [ParOldGen: 43671K->43671K(44032K)] 60055K->60055K(62976K), [Metaspace: 3321K->3321K(1056768K)], 0.3298247 secs] [Times: user=2.53 sys=0.01, real=0.33 secs] 
2022-09-27T11:10:03.834-0800: 8.243: [Full GC (Ergonomics) [PSYoungGen: 16384K->16384K(18944K)] [ParOldGen: 43675K->43673K(44032K)] 60059K->60057K(62976K), [Metaspace: 3326K->3326K(1056768K)], 0.3218931 secs] [Times: user=2.31 sys=0.01, real=0.32 secs] 
2022-09-27T11:10:04.156-0800: 8.565: [Full GC (Ergonomics) [PSYoungGen: 16384K->16384K(18944K)] [ParOldGen: 43675K->43675K(44032K)] 60059K->60059K(62976K), [Metaspace: 3326K->3326K(1056768K)], 0.3254288 secs] [Times: user=2.42 sys=0.01, real=0.33 secs] 
2022-09-27 11:10:04 GC log file has reached the maximum size. Saved as ./gc-2022-09-27_11-09-55.log.0
