Java HotSpot(TM) 64-Bit Server VM (25.301-b09) for bsd-amd64 JRE (1.8.0_301-b09), built on Jun  9 2021 14:35:36 by "java_re" with gcc 4.2.1 Compatible Apple LLVM 11.0.0 (clang-1100.0.33.17)
Memory: 4k page, physical 16777216k(216476k free)

/proc/meminfo:

CommandLine flags: -XX:CompressedClassSpaceSize=260046848 -XX:GCLogFileSize=8192 -XX:InitialHeapSize=67108864 -XX:MaxHeapSize=67108864 -XX:MaxMetaspaceSize=268435456 -XX:MetaspaceSize=268435456 -XX:NumberOfGCLogFiles=10 -XX:+PrintGC -XX:+PrintGCCause -XX:+PrintGCDateStamps -XX:+PrintGCDetails -XX:+PrintGCTimeStamps -XX:+UseCompressedClassPointers -XX:+UseCompressedOops -XX:+UseGCLogFileRotation -XX:+UseParallelGC 
2022-09-27T10:24:00.636-0800: 0.147: [GC (Allocation Failure) [PSYoungGen: 16384K->2528K(18944K)] 16384K->6528K(62976K), 0.0063323 secs] [Times: user=0.03 sys=0.00, real=0.01 secs] 
2022-09-27T10:24:00.654-0800: 0.164: [GC (Allocation Failure) [PSYoungGen: 18912K->2558K(18944K)] 22912K->17046K(62976K), 0.0098572 secs] [Times: user=0.05 sys=0.00, real=0.01 secs] 
2022-09-27T10:24:00.670-0800: 0.181: [GC (Allocation Failure) [PSYoungGen: 18942K->2558K(18944K)] 33430K->32090K(62976K), 0.0137720 secs] [Times: user=0.08 sys=0.02, real=0.01 secs] 
2022-09-27T10:24:00.684-0800: 0.194: [Full GC (Ergonomics) [PSYoungGen: 2558K->0K(18944K)] [ParOldGen: 29532K->31915K(44032K)] 32090K->31915K(62976K), [Metaspace: 3322K->3322K(1056768K)], 0.2660468 secs] [Times: user=1.47 sys=0.04, real=0.27 secs] 
2022-09-27T10:24:00.956-0800: 0.467: [Full GC (Ergonomics) [PSYoungGen: 16384K->2047K(18944K)] [ParOldGen: 31915K->43812K(44032K)] 48299K->45860K(62976K), [Metaspace: 3322K->3322K(1056768K)], 0.2678357 secs] [Times: user=1.70 sys=0.02, real=0.27 secs] 
2022-09-27T10:24:01.229-0800: 0.739: [Full GC (Ergonomics) [PSYoungGen: 16384K->13310K(18944K)] [ParOldGen: 43812K->43718K(44032K)] 60196K->57029K(62976K), [Metaspace: 3322K->3322K(1056768K)], 0.3127129 secs] [Times: user=2.04 sys=0.01, real=0.32 secs] 
2022-09-27T10:24:01.543-0800: 1.053: [Full GC (Ergonomics) [PSYoungGen: 16384K->16056K(18944K)] [ParOldGen: 43718K->43718K(44032K)] 60102K->59775K(62976K), [Metaspace: 3322K->3322K(1056768K)], 0.2844344 secs] [Times: user=1.67 sys=0.02, real=0.28 secs] 
2022-09-27T10:24:01.828-0800: 1.338: [Full GC (Ergonomics) [PSYoungGen: 16384K->16277K(18944K)] [ParOldGen: 43718K->43718K(44032K)] 60102K->59996K(62976K), [Metaspace: 3326K->3326K(1056768K)], 0.2392415 secs] [Times: user=1.33 sys=0.01, real=0.24 secs] 
2022-09-27T10:24:02.068-0800: 1.578: [Full GC (Ergonomics) [PSYoungGen: 16384K->16383K(18944K)] [ParOldGen: 43718K->43718K(44032K)] 60102K->60102K(62976K), [Metaspace: 3326K->3326K(1056768K)], 0.2743340 secs] [Times: user=1.57 sys=0.02, real=0.28 secs] 
2022-09-27T10:24:02.343-0800: 1.853: [Full GC (Ergonomics) [PSYoungGen: 16384K->16383K(18944K)] [ParOldGen: 43718K->43718K(44032K)] 60102K->60102K(62976K), [Metaspace: 3326K->3326K(1056768K)], 0.2683372 secs] [Times: user=1.56 sys=0.01, real=0.27 secs] 
2022-09-27T10:24:02.612-0800: 2.122: [Full GC (Ergonomics) [PSYoungGen: 16383K->16383K(18944K)] [ParOldGen: 43720K->43720K(44032K)] 60104K->60104K(62976K), [Metaspace: 3326K->3326K(1056768K)], 0.2972904 secs] [Times: user=1.91 sys=0.02, real=0.29 secs] 
2022-09-27T10:24:02.910-0800: 2.420: [Full GC (Ergonomics) [PSYoungGen: 16383K->16383K(18944K)] [ParOldGen: 43722K->43722K(44032K)] 60106K->60106K(62976K), [Metaspace: 3326K->3326K(1056768K)], 0.2985253 secs] [Times: user=1.89 sys=0.01, real=0.29 secs] 
2022-09-27T10:24:03.209-0800: 2.719: [Full GC (Ergonomics) [PSYoungGen: 16383K->16383K(18944K)] [ParOldGen: 43724K->43724K(44032K)] 60108K->60108K(62976K), [Metaspace: 3326K->3326K(1056768K)], 0.3267226 secs] [Times: user=2.18 sys=0.01, real=0.33 secs] 
2022-09-27T10:24:03.536-0800: 3.046: [Full GC (Ergonomics) [PSYoungGen: 16383K->16383K(18944K)] [ParOldGen: 43726K->43726K(44032K)] 60110K->60110K(62976K), [Metaspace: 3326K->3326K(1056768K)], 0.3382215 secs] [Times: user=2.64 sys=0.00, real=0.34 secs] 
2022-09-27T10:24:03.875-0800: 3.385: [Full GC (Ergonomics) [PSYoungGen: 16383K->16383K(18944K)] [ParOldGen: 43727K->43727K(44032K)] 60111K->60111K(62976K), [Metaspace: 3326K->3326K(1056768K)], 0.3136535 secs] [Times: user=2.26 sys=0.02, real=0.31 secs] 
2022-09-27T10:24:04.189-0800: 3.699: [Full GC (Ergonomics) [PSYoungGen: 16383K->16383K(18944K)] [ParOldGen: 43729K->43729K(44032K)] 60113K->60113K(62976K), [Metaspace: 3326K->3326K(1056768K)], 0.3017849 secs] [Times: user=2.09 sys=0.02, real=0.31 secs] 
2022-09-27T10:24:04.492-0800: 4.002: [Full GC (Ergonomics) [PSYoungGen: 16383K->16383K(18944K)] [ParOldGen: 43731K->43731K(44032K)] 60115K->60115K(62976K), [Metaspace: 3326K->3326K(1056768K)], 0.3231900 secs] [Times: user=2.38 sys=0.02, real=0.32 secs] 
2022-09-27T10:24:04.815-0800: 4.326: [Full GC (Ergonomics) [PSYoungGen: 16383K->16383K(18944K)] [ParOldGen: 43733K->43733K(44032K)] 60117K->60117K(62976K), [Metaspace: 3326K->3326K(1056768K)], 0.3319932 secs] [Times: user=2.52 sys=0.01, real=0.33 secs] 
2022-09-27T10:24:05.148-0800: 4.658: [Full GC (Ergonomics) [PSYoungGen: 16383K->16383K(18944K)] [ParOldGen: 43734K->43734K(44032K)] 60118K->60118K(62976K), [Metaspace: 3326K->3326K(1056768K)], 0.2998202 secs] [Times: user=2.08 sys=0.02, real=0.30 secs] 
2022-09-27T10:24:05.448-0800: 4.959: [Full GC (Ergonomics) [PSYoungGen: 16383K->16383K(18944K)] [ParOldGen: 43736K->43736K(44032K)] 60120K->60120K(62976K), [Metaspace: 3328K->3328K(1056768K)], 0.3298361 secs] [Times: user=2.46 sys=0.02, real=0.33 secs] 
2022-09-27T10:24:05.779-0800: 5.289: [Full GC (Ergonomics) [PSYoungGen: 16383K->16383K(18944K)] [ParOldGen: 43738K->43720K(44032K)] 60122K->60104K(62976K), [Metaspace: 3328K->3328K(1056768K)], 0.3437738 secs] [Times: user=2.53 sys=0.02, real=0.35 secs] 
2022-09-27T10:24:06.124-0800: 5.634: [Full GC (Ergonomics) [PSYoungGen: 16384K->16384K(18944K)] [ParOldGen: 43721K->43721K(44032K)] 60105K->60105K(62976K), [Metaspace: 3328K->3328K(1056768K)], 0.3165154 secs] [Times: user=2.26 sys=0.02, real=0.32 secs] 
2022-09-27T10:24:06.441-0800: 5.951: [Full GC (Ergonomics) [PSYoungGen: 16384K->16384K(18944K)] [ParOldGen: 43723K->43723K(44032K)] 60107K->60107K(62976K), [Metaspace: 3328K->3328K(1056768K)], 0.3296435 secs] [Times: user=2.47 sys=0.01, real=0.33 secs] 
2022-09-27T10:24:06.771-0800: 6.281: [Full GC (Ergonomics) [PSYoungGen: 16384K->16383K(18944K)] [ParOldGen: 43725K->43725K(44032K)] 60109K->60109K(62976K), [Metaspace: 3328K->3328K(1056768K)], 0.3315283 secs] [Times: user=2.43 sys=0.02, real=0.33 secs] 
2022-09-27T10:24:07.103-0800: 6.614: [Full GC (Ergonomics) [PSYoungGen: 16383K->16383K(18944K)] [ParOldGen: 43727K->43727K(44032K)] 60111K->60111K(62976K), [Metaspace: 3328K->3328K(1056768K)], 0.3134985 secs] [Times: user=2.01 sys=0.02, real=0.31 secs] 
2022-09-27T10:24:07.417-0800: 6.928: [Full GC (Ergonomics) [PSYoungGen: 16383K->16383K(18944K)] [ParOldGen: 43728K->43728K(44032K)] 60112K->60112K(62976K), [Metaspace: 3328K->3328K(1056768K)], 0.3224834 secs] [Times: user=2.25 sys=0.02, real=0.33 secs] 
2022-09-27T10:24:07.740-0800: 7.251: [Full GC (Ergonomics) [PSYoungGen: 16383K->16383K(18944K)] [ParOldGen: 43731K->43731K(44032K)] 60115K->60115K(62976K), [Metaspace: 3328K->3328K(1056768K)], 0.3078364 secs] [Times: user=2.11 sys=0.02, real=0.30 secs] 
2022-09-27T10:24:08.049-0800: 7.559: [Full GC (Ergonomics) [PSYoungGen: 16383K->16383K(18944K)] [ParOldGen: 43733K->43733K(44032K)] 60117K->60117K(62976K), [Metaspace: 3328K->3328K(1056768K)], 0.3151411 secs] [Times: user=2.15 sys=0.02, real=0.32 secs] 
2022-09-27T10:24:08.365-0800: 7.875: [Full GC (Ergonomics) [PSYoungGen: 16383K->16383K(18944K)] [ParOldGen: 43737K->43737K(44032K)] 60121K->60121K(62976K), [Metaspace: 3328K->3328K(1056768K)], 0.3254417 secs] [Times: user=2.42 sys=0.01, real=0.33 secs] 
2022-09-27T10:24:08.691-0800: 8.201: [Full GC (Ergonomics) [PSYoungGen: 16384K->16383K(18944K)] [ParOldGen: 43743K->43740K(44032K)] 60127K->60124K(62976K), [Metaspace: 3334K->3334K(1056768K)], 0.3279581 secs] [Times: user=2.35 sys=0.02, real=0.32 secs] 
2022-09-27T10:24:09.020-0800: 8.530: [Full GC (Ergonomics) [PSYoungGen: 16383K->16383K(18944K)] [ParOldGen: 43743K->43742K(44032K)] 60127K->60126K(62976K), [Metaspace: 3336K->3336K(1056768K)], 0.3176741 secs] [Times: user=2.15 sys=0.03, real=0.31 secs] 
2022-09-27 10:24:09 GC log file has reached the maximum size. Saved as ./gc-2022-09-27_10-24-00.log.0
