Java HotSpot(TM) 64-Bit Server VM (25.301-b09) for bsd-amd64 JRE (1.8.0_301-b09), built on Jun  9 2021 14:35:36 by "java_re" with gcc 4.2.1 Compatible Apple LLVM 11.0.0 (clang-1100.0.33.17)
Memory: 4k page, physical 16777216k(255296k free)

/proc/meminfo:

CommandLine flags: -XX:-BytecodeVerificationLocal -XX:-BytecodeVerificationRemote -XX:CMSInitiatingOccupancyFraction=92 -XX:CompressedClassSpaceSize=260046848 -XX:GCLogFileSize=8192 -XX:InitialHeapSize=2147483648 -XX:+ManagementServer -XX:MaxHeapSize=2147483648 -XX:MaxMetaspaceSize=268435456 -XX:MaxNewSize=805306368 -XX:MetaspaceSize=268435456 -XX:NewSize=805306368 -XX:NumberOfGCLogFiles=10 -XX:OldPLABSize=16 -XX:+PrintGC -XX:+PrintGCCause -XX:+PrintGCDateStamps -XX:+PrintGCDetails -XX:+PrintGCTimeStamps -XX:SurvivorRatio=8 -XX:TargetSurvivorRatio=60 -XX:ThreadStackSize=256 -XX:TieredStopAtLevel=1 -XX:+UseCMSInitiatingOccupancyOnly -XX:+UseCompressedClassPointers -XX:+UseCompressedOops -XX:+UseConcMarkSweepGC -XX:+UseGCLogFileRotation -XX:+UseParNewGC 
2022-09-26T18:24:42.989-0800: 13.044: [GC (Allocation Failure) 2022-09-26T18:24:42.989-0800: 13.044: [ParNew: 629248K->49827K(707840K), 0.0511127 secs] 629248K->49827K(2018560K), 0.0514120 secs] [Times: user=0.18 sys=0.08, real=0.06 secs] 
2022-09-26T18:24:53.548-0800: 23.603: [GC (Allocation Failure) 2022-09-26T18:24:53.548-0800: 23.604: [ParNew: 679075K->17484K(707840K), 0.0792599 secs] 679075K->34297K(2018560K), 0.0795338 secs] [Times: user=0.21 sys=0.07, real=0.08 secs] 
2022-09-26T18:25:05.078-0800: 35.134: [GC (Allocation Failure) 2022-09-26T18:25:05.079-0800: 35.134: [ParNew: 646732K->31362K(707840K), 0.0349578 secs] 663545K->48175K(2018560K), 0.0352316 secs] [Times: user=0.11 sys=0.06, real=0.04 secs] 
2022-09-26T18:25:17.518-0800: 47.573: [GC (Allocation Failure) 2022-09-26T18:25:17.518-0800: 47.573: [ParNew: 660534K->26672K(707840K), 0.0318143 secs] 677347K->43485K(2018560K), 0.0320595 secs] [Times: user=0.12 sys=0.04, real=0.04 secs] 
2022-09-26T18:25:29.936-0800: 59.991: [GC (Allocation Failure) 2022-09-26T18:25:29.936-0800: 59.991: [ParNew: 655903K->22860K(707840K), 0.0264320 secs] 672716K->39673K(2018560K), 0.0266695 secs] [Times: user=0.12 sys=0.02, real=0.03 secs] 
2022-09-26T18:25:42.375-0800: 72.430: [GC (Allocation Failure) 2022-09-26T18:25:42.375-0800: 72.431: [ParNew: 652020K->25481K(707840K), 0.0258885 secs] 668833K->42294K(2018560K), 0.0261538 secs] [Times: user=0.12 sys=0.03, real=0.03 secs] 
2022-09-26T18:25:54.806-0800: 84.862: [GC (Allocation Failure) 2022-09-26T18:25:54.807-0800: 84.862: [ParNew: 654660K->30538K(707840K), 0.0259574 secs] 671473K->47351K(2018560K), 0.0262033 secs] [Times: user=0.13 sys=0.02, real=0.03 secs] 
2022-09-26T18:26:07.193-0800: 97.249: [GC (Allocation Failure) 2022-09-26T18:26:07.193-0800: 97.249: [ParNew: 659762K->38772K(707840K), 0.0273285 secs] 676575K->55585K(2018560K), 0.0275370 secs] [Times: user=0.09 sys=0.05, real=0.03 secs] 
2022-09-26T18:26:19.613-0800: 109.668: [GC (Allocation Failure) 2022-09-26T18:26:19.613-0800: 109.668: [ParNew: 668020K->47786K(707840K), 0.0369794 secs] 684833K->64599K(2018560K), 0.0372170 secs] [Times: user=0.11 sys=0.09, real=0.04 secs] 
2022-09-26T18:30:09.034-0800: 123.300: [GC (Allocation Failure) 2022-09-26T18:30:09.034-0800: 123.301: [ParNew: 676961K->2758K(707840K), 0.0282074 secs] 693774K->19669K(2018560K), 0.0285727 secs] [Times: user=0.13 sys=0.03, real=0.03 secs] 
2022-09-26T18:45:43.192-0800: 135.868: [GC (Allocation Failure) 2022-09-26T18:45:43.192-0800: 135.868: [ParNew: 632000K->11122K(707840K), 0.0240464 secs] 648910K->28032K(2018560K), 0.0242402 secs] [Times: user=0.13 sys=0.03, real=0.02 secs] 
2022-09-26T19:01:30.260-0800: 148.414: [GC (Allocation Failure) 2022-09-26T19:01:30.260-0800: 148.414: [ParNew: 640281K->22423K(707840K), 0.0290096 secs] 657191K->39333K(2018560K), 0.0292800 secs] [Times: user=0.13 sys=0.03, real=0.02 secs] 
2022-09-26T19:34:47.801-0800: 160.922: [GC (Allocation Failure) 2022-09-26T19:34:47.801-0800: 160.922: [ParNew: 651595K->35033K(707840K), 0.0300645 secs] 668505K->51943K(2018560K), 0.0302599 secs] [Times: user=0.11 sys=0.02, real=0.03 secs] 
2022-09-26T19:43:00.906-0800: 173.313: [GC (Allocation Failure) 2022-09-26T19:43:00.906-0800: 173.313: [ParNew: 664257K->48139K(707840K), 0.0342065 secs] 681168K->65050K(2018560K), 0.0344078 secs] [Times: user=0.10 sys=0.09, real=0.04 secs] 
2022-09-26T19:43:14.248-0800: 186.725: [GC (Allocation Failure) 2022-09-26T19:43:14.248-0800: 186.725: [ParNew: 677375K->11415K(707840K), 0.0264520 secs] 694285K->28331K(2018560K), 0.0266867 secs] [Times: user=0.13 sys=0.02, real=0.03 secs] 
2022-09-26T19:59:52.364-0800: 199.209: [GC (Allocation Failure) 2022-09-26T19:59:52.365-0800: 199.209: [ParNew: 640578K->24326K(707840K), 0.0269658 secs] 657493K->41242K(2018560K), 0.0271687 secs] [Times: user=0.13 sys=0.02, real=0.03 secs] 
2022-09-26T20:04:47.754-0800: 211.640: [GC (Allocation Failure) 2022-09-26T20:04:47.754-0800: 211.640: [ParNew: 653486K->38432K(707840K), 0.0169851 secs] 670402K->55347K(2018560K), 0.0171422 secs] [Times: user=0.10 sys=0.02, real=0.02 secs] 
2022-09-26T20:05:01.213-0800: 225.093: [GC (Allocation Failure) 2022-09-26T20:05:01.213-0800: 225.093: [ParNew: 667601K->3616K(707840K), 0.0326133 secs] 684517K->20532K(2018560K), 0.0328919 secs] [Times: user=0.16 sys=0.03, real=0.03 secs] 
2022-09-26T20:12:35.194-0800: 237.485: [GC (Allocation Failure) 2022-09-26T20:12:35.194-0800: 237.485: [ParNew: 632779K->18522K(707840K), 0.0281062 secs] 649694K->35437K(2018560K), 0.0283353 secs] [Times: user=0.14 sys=0.03, real=0.03 secs] 
2022-09-26T20:12:47.563-0800: 249.853: [GC (Allocation Failure) 2022-09-26T20:12:47.563-0800: 249.853: [ParNew: 647751K->31426K(707840K), 0.0293564 secs] 664667K->48341K(2018560K), 0.0295925 secs] [Times: user=0.14 sys=0.03, real=0.03 secs] 
2022-09-26T20:12:59.982-0800: 262.271: [GC (Allocation Failure) 2022-09-26T20:12:59.982-0800: 262.271: [ParNew: 660647K->48339K(707840K), 0.0246456 secs] 677563K->65255K(2018560K), 0.0248603 secs] [Times: user=0.14 sys=0.02, real=0.02 secs] 
2022-09-26T20:13:13.488-0800: 275.777: [GC (Allocation Failure) 2022-09-26T20:13:13.488-0800: 275.777: [ParNew: 677574K->13518K(707840K), 0.0296336 secs] 694489K->30438K(2018560K), 0.0298923 secs] [Times: user=0.14 sys=0.03, real=0.03 secs] 
2022-09-26T20:13:25.908-0800: 288.198: [GC (Allocation Failure) 2022-09-26T20:13:25.908-0800: 288.198: [ParNew: 642766K->29022K(707840K), 0.0284021 secs] 659686K->45942K(2018560K), 0.0286401 secs] [Times: user=0.14 sys=0.02, real=0.03 secs] 
2022-09-26T20:13:38.298-0800: 300.588: [GC (Allocation Failure) 2022-09-26T20:13:38.298-0800: 300.588: [ParNew: 658265K->44433K(707840K), 0.0297206 secs] 675185K->61353K(2018560K), 0.0299520 secs] [Times: user=0.14 sys=0.05, real=0.03 secs] 
2022-09-26T20:13:51.667-0800: 313.957: [GC (Allocation Failure) 2022-09-26T20:13:51.667-0800: 313.957: [ParNew: 673584K->3712K(707840K), 0.0289072 secs] 690504K->20632K(2018560K), 0.0291144 secs] [Times: user=0.11 sys=0.02, real=0.03 secs] 
2022-09-26T20:14:04.041-0800: 326.331: [GC (Allocation Failure) 2022-09-26T20:14:04.041-0800: 326.331: [ParNew: 632937K->18220K(707840K), 0.0298277 secs] 649857K->35141K(2018560K), 0.0301112 secs] [Times: user=0.14 sys=0.02, real=0.03 secs] 
2022-09-26T20:14:16.426-0800: 338.716: [GC (Allocation Failure) 2022-09-26T20:14:16.426-0800: 338.716: [ParNew: 647429K->32232K(707840K), 0.0291130 secs] 664349K->49152K(2018560K), 0.0293678 secs] [Times: user=0.15 sys=0.03, real=0.03 secs] 
2022-09-26T20:14:28.841-0800: 351.131: [GC (Allocation Failure) 2022-09-26T20:14:28.841-0800: 351.131: [ParNew: 661442K->46533K(707840K), 0.0271533 secs] 678362K->63453K(2018560K), 0.0273670 secs] [Times: user=0.13 sys=0.04, real=0.02 secs] 
2022-09-26T20:14:42.221-0800: 364.511: [GC (Allocation Failure) 2022-09-26T20:14:42.221-0800: 364.511: [ParNew: 675767K->11417K(707840K), 0.0289458 secs] 692687K->28338K(2018560K), 0.0291543 secs] [Times: user=0.13 sys=0.03, real=0.03 secs] 
2022-09-26T20:22:39.694-0800: 377.004: [GC (Allocation Failure) 2022-09-26T20:22:39.695-0800: 377.004: [ParNew: 640573K->26329K(707840K), 0.0150825 secs] 657493K->43249K(2018560K), 0.0152264 secs] [Times: user=0.08 sys=0.02, real=0.02 secs] 
2022-09-26 20:22:44 GC log file has reached the maximum size. Saved as ./gc-2022-09-26_18-24-29.log.0
